******************************************************************************
                  TI ARM Linker Unix v18.12.2                  
******************************************************************************
>> Linked Fri Nov 29 19:06:06 2019

OUTPUT FILE NAME:   <uartecho_MSP_EXP432P401R_tirtos_ccs.out>
ENTRY POINT SYMBOL: "_c_int00"  address: 00004959


MEMORY CONFIGURATION

         name            origin    length      used     unused   attr    fill
----------------------  --------  ---------  --------  --------  ----  --------
  MAIN                  00000000   00040000  00007788  00038878  R  X
  INFO                  00200000   00004000  00000000  00004000  R  X
  SRAM_CODE             01000000   00010000  00009532  00006ace  RW X
  SRAM_DATA             20000000   00010000  00009532  00006ace  RW  


SEGMENT ALLOCATION MAP

run origin  load origin   length   init length attrs members
----------  ----------- ---------- ----------- ----- -------
00000000    00000000    00007790   00007790    r-x
  00000000    00000000    0000003c   0000003c    r-- .resetVecs
  00000040    00000040    00006e02   00006e02    r-x .text
  00006e44    00006e44    000006d2   000006d2    r-- .const
  00007518    00007518    00000278   00000278    r-- .cinit
20000140    20000140    00008000   00000000    r--
  20000140    20000140    00008000   00000000    r-- .priheap
20008140    20008140    00000ff2   00000000    rw-
  20008140    20008140    00000960   00000000    rw- .bss
  20008aa0    20008aa0    00000692   00000000    rw- .data
2000fc00    2000fc00    00000400   00000000    rw-
  2000fc00    2000fc00    00000400   00000000    rw- .stack


SECTION ALLOCATION MAP

 output                                  attributes/
section   page    origin      length       input sections
--------  ----  ----------  ----------   ----------------
.text      0    00000040    00006e02     
                  00000040    000004e6     buzzer_thread.obj (.text:buzzerThread)
                  00000526    00000002     ti_drivers_config.obj (.text:Board_initHook)
                  00000528    000002f8     drivers_msp432p401x.aem4f : PowerMSP432.oem4f (.text:Power_sleep)
                  00000820    000002d0                               : UARTMSP432.oem4f (.text:UARTMSP432_open)
                  00000af0    0000028a     msp432p4xx_driverlib.lib : pcm.o (.text:__PCM_setPowerStateAdvanced)
                  00000d7a    00000002     dpl_msp432p401x.aem4f : PowerMSP432_tirtos.oem4f (.text:PowerMSP432_initPolicy)
                  00000d7c    00000288     drivers_msp432p401x.aem4f : PowerMSP432.oem4f (.text:initPerfControl)
                  00001004    00000170                               : GPIOMSP432.oem4f (.text:GPIO_setConfig)
                  00001174    0000015c     msp432p4xx_driverlib.lib : pcm.o (.text:__PCM_setPowerModeAdvanced)
                  000012d0    0000014c     drivers_msp432p401x.aem4f : TimerMSP432.oem4f (.text:TimerMSP432_open)
                  0000141c    00000136     rtsv7M4_T_le_v4SPD16_eabi.lib : fd_div_t2.asm.obj (.text)
                  00001552    00000006     drivers_msp432p401x.aem4f : TimerMSP432.oem4f (.text:TimerMSP432_control)
                  00001558    00000130     sysbios.aem4f : BIOS.obj (.text:ti_sysbios_knl_Semaphore_pend__E)
                  00001688    00000128     rxtx_uart.obj (.text:init_uart)
                  000017b0    0000011c     msp432p4xx_driverlib.lib : uart.o (.text:UART_initModule)
                  000018cc    00000108                              : pcm.o (.text:__PCM_setCoreVoltageLevelAdvanced)
                  000019d4    00000004                              : cpu.o (.text:CPU_wfi)
                  000019d8    00000108     sysbios.aem4f : BIOS.obj (.text:ti_sysbios_knl_Task_postInit__I)
                  00001ae0    00000108                   : BIOS.obj (.text:xdc_runtime_Startup_startMods__I)
                  00001be8    00000104                   : BIOS.obj (.text:ti_sysbios_knl_Task_Instance_finalize__E)
                  00001cec    00000100     main_thread.obj (.text:ping_callback)
                  00001dec    00000004     dpl_msp432p401x.aem4f : ClockP_tirtos.oem4f (.text:ClockP_setTimeout)
                  00001df0    000000f8     sysbios.aem4f : BIOS.obj (.text:ti_sysbios_family_arm_msp432_init_Boot_configureClocksHigh)
                  00001ee8    000000f0                   : BIOS.obj (.text:pthread_create)
                  00001fd8    000000f0                   : m3_Hwi_asm.obj (.text:ti_sysbios_family_arm_m3_Hwi_dispatch__I)
                  000020c8    000000e4     msp432p4xx_driverlib.lib : cs.o (.text:CS_startHFXTWithTimeout)
                  000021ac    00000004     dpl_msp432p401x.aem4f : ClockP_tirtos.oem4f (.text:ClockP_start)
                  000021b0    000000e4     sysbios.aem4f : BIOS.obj (.text:ti_sysbios_knl_Task_Instance_init__E)
                  00002294    000000e0     msp432p4xx_driverlib.lib : cs.o (.text:CS_startLFXTWithTimeout)
                  00002374    000000dc     drivers_msp432p401x.aem4f : UARTMSP432.oem4f (.text:UARTMSP432_readPolling)
                  00002450    000000dc     msp432p4xx_driverlib.lib : cs.o (.text:_CSGetHFXTFrequency)
                  0000252c    00000004     dpl_msp432p401x.aem4f : ClockP_tirtos.oem4f (.text:ClockP_stop)
                  00002530    000000d0     sysbios.aem4f : BIOS.obj (.text:ti_sysbios_heaps_HeapMem_alloc__E)
                  00002600    000000c8     drivers_msp432p401x.aem4f : TimerMSP432.oem4f (.text:TimerMSP432_start)
                  000026c8    000000c8     main_thread.obj (.text:iteratorCallback)
                  00002790    000000c4     sysbios.aem4f : BIOS.obj (.text:ti_sysbios_knl_Task_sleep__E)
                  00002854    000000c0     drivers_msp432p401x.aem4f : UARTMSP432.oem4f (.text:UARTMSP432_hwiIntFxn)
                  00002914    000000bc                               : TimerMSP432.oem4f (.text:TimerMSP432_setPeriod)
                  000029d0    000000b8                               : UARTMSP432.oem4f (.text:initHw)
                  00002a88    000000b8                               : UARTMSP432.oem4f (.text:readTaskCallback)
                  00002b40    000000b8     sysbios.aem4f : BIOS.obj (.text:ti_sysbios_family_arm_m3_Hwi_Instance_init__E)
                  00002bf8    000000b4     drivers_msp432p401x.aem4f : UARTMSP432.oem4f (.text:UARTMSP432_control)
                  00002cac    000000b4                               : UARTMSP432.oem4f (.text:UARTMSP432_writePolling)
                  00002d60    000000ac                               : GPIOMSP432.oem4f (.text:GPIO_init)
                  00002e0c    000000a8                               : UARTMSP432.oem4f (.text:readTaskBlocking)
                  00002eb4    00000004     dpl_msp432p401x.aem4f : HwiP_tirtos.oem4f (.text:HwiP_disable)
                  00002eb8    000000a8     sysbios.aem4f : BIOS.obj (.text:ti_sysbios_family_arm_msp432_Timer_periodicStub__E)
                  00002f60    000000a6                   : BIOS.obj (.text:xdc_runtime_Core_createObject__I)
                  00003006    00000002     drivers_msp432p401x.aem4f : TimerMSP432.oem4f (.text:TimerMSP432_init)
                  00003008    000000a4                               : TimerMSP432.oem4f (.text:initTimerHardware)
                  000030ac    00000004     dpl_msp432p401x.aem4f : SemaphoreP_tirtos.oem4f (.text:SemaphoreP_post)
                  000030b0    000000a4     sysbios.aem4f : BIOS.obj (.text:ti_sysbios_knl_Task_setPri__E)
                  00003154    000000a0     drivers_msp432p401x.aem4f : UARTMSP432.oem4f (.text:UARTMSP432_write)
                  000031f4    000000a0     auto_init.aem4f : auto_init.oem4f (.text)
                  00003294    000000a0     drivers_msp432p401x.aem4f : UARTMSP432.oem4f (.text:readIsrTextCallback)
                  00003334    0000009c                               : PowerMSP432.oem4f (.text:Power_init)
                  000033d0    0000009c     rtsv7M4_T_le_v4SPD16_eabi.lib : memcpy_t2.asm.obj (.text)
                  0000346c    0000009c     drivers_msp432p401x.aem4f : TimerMSP432.oem4f (.text:setT32TickCount)
                  00003508    0000009c                               : TimerMSP432.oem4f (.text:setTATickCount)
                  000035a4    00000098     main_thread.obj (.text:main_thread)
                  0000363c    00000004     release_pem4f.oem4f (.text:ti_sysbios_BIOS_RtsGateProxy_enter__E)
                  00003640    00000094     sysbios.aem4f : BIOS.obj (.text:_pthread_removeThreadKeys)
                  000036d4    00000004     release_pem4f.oem4f (.text:ti_sysbios_BIOS_RtsGateProxy_leave__E)
                  000036d8    00000094     sysbios.aem4f : BIOS.obj (.text:ti_sysbios_family_arm_m3_Hwi_initNVIC__E)
                  0000376c    00000004     release_pem4f.oem4f (.text:ti_sysbios_family_arm_m3_Hwi_delete)
                  00003770    00000094     sysbios.aem4f : BIOS.obj (.text:ti_sysbios_knl_Task_exit__E)
                  00003804    00000092     drivers_msp432p401x.aem4f : UARTMSP432.oem4f (.text:UARTMSP432_close)
                  00003896    00000092                               : UARTMSP432.oem4f (.text:writeData)
                  00003928    00000090     rxtx_uart.obj (.text:send_data)
                  000039b8    00000090     sysbios.aem4f : BIOS.obj (.text:ti_sysbios_knl_Task_Module_startup__E)
                  00003a48    0000008c     drivers_msp432p401x.aem4f : TimerMSP432.oem4f (.text:TimerMSP432_stop)
                  00003ad4    0000008c                               : UARTMSP432.oem4f (.text:readIsrTextBlocking)
                  00003b60    0000008c     sysbios.aem4f : m3_TaskSupport_asm.obj (.text:ti_sysbios_family_arm_m3_TaskSupport_buildTaskStack)
                  00003bec    00000004     release_pem4f.oem4f (.text:ti_sysbios_family_arm_m3_TaskSupport_Module__startupDone__S)
                  00003bf0    0000008c     sysbios.aem4f : BIOS.obj (.text:xdc_runtime_Memory_alloc__E)
                  00003c7c    00000004     release_pem4f.oem4f (.text:ti_sysbios_heaps_HeapMem_Module_GateProxy_enter__E)
                  00003c80    00000086     sysbios.aem4f : BIOS.obj (.text:xdc_runtime_Core_constructObject__I)
                  00003d06    00000002     drivers_msp432p401x.aem4f : UARTMSP432.oem4f (.text:UARTMSP432_init)
                  00003d08    00000084     msp432p4xx_driverlib.lib : pcm.o (.text:PCM_gotoLPM3)
                  00003d8c    00000084     drivers_msp432p401x.aem4f : PowerMSP432.oem4f (.text:restartHFXT)
                  00003e10    00000084     sysbios.aem4f : BIOS.obj (.text:ti_sysbios_family_arm_m3_Hwi_postInit__I)
                  00003e94    00000004     release_pem4f.oem4f (.text:ti_sysbios_heaps_HeapMem_Module_GateProxy_leave__E)
                  00003e98    00000084     sysbios.aem4f : BIOS.obj (.text:ti_sysbios_heaps_HeapMem_free__E)
                  00003f1c    00000004     release_pem4f.oem4f (.text:ti_sysbios_knl_Clock_TimerProxy_getMaxTicks__E)
                  00003f20    00000080     sysbios.aem4f : BIOS.obj (.text:ti_sysbios_knl_Clock_workFunc__E)
                  00003fa0    0000007c     main_tirtos.obj (.text:main)
                  0000401c    0000007a     rtsv7M4_T_le_v4SPD16_eabi.lib : memset_t2.asm.obj (.text)
                  00004096    00000002                                   : _lock.c.obj (.text:_nop)
                  00004098    00000078     drivers_msp432p401x.aem4f : TimerMSP432.oem4f (.text:TimerMSP432_allocateTimerResource)
                  00004110    00000070     sysbios.aem4f : BIOS.obj (.text:ti_sysbios_heaps_HeapMem_initPrimary__I)
                  00004180    0000006e     rtsv7M4_T_le_v4SPD16_eabi.lib : fd_tos_t2.asm.obj (.text)
                  000041ee    00000002     release_pem4f.oem4f (.text:ti_sysbios_BIOS_nullFunc__I)
                  000041f0    0000006c     main_tirtos.obj (.text:create_buzzer_thread)
                  0000425c    00000004     release_pem4f.oem4f (.text:ti_sysbios_knl_Clock_delete)
                  00004260    0000006c     sysbios.aem4f : BIOS.obj (.text:ti_sysbios_knl_Swi_restoreHwi__E)
                  000042cc    00000068     drivers_msp432p401x.aem4f : GPIOMSP432.oem4f (.text:GPIO_hwiIntFxn)
                  00004334    00000068                               : PowerMSP432.oem4f (.text:PowerMSP432_getFreqs)
                  0000439c    00000068                               : UARTMSP432.oem4f (.text:UARTMSP432_writeCancel)
                  00004404    00000068     rtsv7M4_T_le_v4SPD16_eabi.lib : copy_decompress_lzss.c.obj (.text:decompress:lzss:__TI_decompress_lzss)
                  0000446c    00000004     release_pem4f.oem4f (.text:ti_sysbios_knl_Semaphore_delete)
                  00004470    00000066     sysbios.aem4f : BIOS.obj (.text:xdc_runtime_Core_deleteObject__I)
                  000044d6    00000002     --HOLE-- [fill = 0]
                  000044d8    00000064                   : BIOS.obj (.text:pthread_exit)
                  0000453c    00000004     release_pem4f.oem4f (.text:ti_sysbios_knl_Task_delete)
                  00004540    00000064     sysbios.aem4f : BIOS.obj (.text:ti_sysbios_family_arm_m3_Hwi_dispatchC__I)
                  000045a4    00000060     drivers_msp432p401x.aem4f : GPIOMSP432.oem4f (.text:GPIO_setCallback)
                  00004604    00000004     release_pem4f.oem4f (.text:xdc_runtime_System_Module_GateProxy_enter__E)
                  00004608    00000060     sysbios.aem4f : BIOS.obj (.text:ti_sysbios_knl_Semaphore_post__E)
                  00004668    00000060                   : BIOS.obj (.text:ti_sysbios_knl_Swi_run__I)
                  000046c8    0000005e     msp432p4xx_driverlib.lib : pcm.o (.text:PCM_getCoreVoltageLevel)
                  00004726    00000002     --HOLE-- [fill = 0]
                  00004728    0000005c     rxtx_uart.obj (.text:init_uart_thread)
                  00004784    00000004     release_pem4f.oem4f (.text:xdc_runtime_System_Module_GateProxy_leave__E)
                  00004788    0000005c     sysbios.aem4f : BIOS.obj (.text:ti_sysbios_knl_Swi_schedule__I)
                  000047e4    00000004     --HOLE-- [fill = 0]
                  000047e8    0000005c                   : BIOS.obj (.text:ti_sysbios_knl_Task_startCore__E)
                  00004844    00000004     --HOLE-- [fill = 0]
                  00004848    0000005c                   : BIOS.obj (.text:xdc_runtime_Startup_exec__E)
                  000048a4    0000005a     msp432p4xx_driverlib.lib : pcm.o (.text:PCM_getPowerMode)
                  000048fe    00000002     --HOLE-- [fill = 0]
                  00004900    00000058     drivers_msp432p401x.aem4f : GPIOMSP432.oem4f (.text:GPIO_write)
                  00004958    00000058     boot.aem4f : boot.oem4f (.text)
                  000049b0    00000058     drivers_msp432p401x.aem4f : UARTMSP432.oem4f (.text:readIsrBinaryBlocking)
                  00004a08    00000058     sysbios.aem4f : m3_Hwi_asm_switch.obj (.text:ti_sysbios_family_arm_m3_Hwi_initStacks__E)
                  00004a60    00000054     msp432p4xx_driverlib.lib : pcm.o (.text:PCM_shutdownDevice)
                  00004ab4    00000054     drivers_msp432p401x.aem4f : TimerMSP432.oem4f (.text:TimerMSP432_freeTimerResource)
                  00004b08    00000054     release_pem4f.oem4f (.text:ti_sysbios_family_arm_m3_Hwi_create)
                  00004b5c    00000004     --HOLE-- [fill = 0]
                  00004b60    00000054     sysbios.aem4f : BIOS.obj (.text:ti_sysbios_family_arm_msp432_Timer_initDevice__I)
                  00004bb4    00000004     --HOLE-- [fill = 0]
                  00004bb8    00000054                   : BIOS.obj (.text:xdc_runtime_Core_assignLabel__I)
                  00004c0c    00000050     dpl_msp432p401x.aem4f : ClockP_tirtos.oem4f (.text:ClockP_create)
                  00004c5c    00000050     drivers_msp432p401x.aem4f : TimerMSP432.oem4f (.text:TimerMSP432_hwiIntFunction)
                  00004cac    00000004     --HOLE-- [fill = 0]
                  00004cb0    00000050     sysbios.aem4f : BIOS.obj (.text:ti_sysbios_family_arm_m3_Hwi_Module_startup__E)
                  00004d00    00000050     release_pem4f.oem4f (.text:ti_sysbios_knl_Task_create)
                  00004d50    0000004e     drivers_msp432p401x.aem4f : TimerMSP432.oem4f (.text:TimerMSP432_close)
                  00004d9e    00000002     --HOLE-- [fill = 0]
                  00004da0    0000004c     dpl_msp432p401x.aem4f : PowerMSP432_tirtos.oem4f (.text:PowerMSP432_sleepPolicy)
                  00004dec    0000004c     rtsv7M4_T_le_v4SPD16_eabi.lib : cpy_tbl.c.obj (.text:copy_in)
                  00004e38    0000004c     drivers_msp432p401x.aem4f : UARTMSP432.oem4f (.text:readIsrBinaryCallback)
                  00004e84    0000004c     sensor_fusion.obj (.text:sensor_fusion_check)
                  00004ed0    0000004c     sysbios.aem4f : BIOS.obj (.text:ti_sysbios_family_arm_msp432_Timer_postInit__I)
                  00004f1c    00000004     --HOLE-- [fill = 0]
                  00004f20    0000004c                   : BIOS.obj (.text:ti_sysbios_family_arm_msp432_Timer_start__E)
                  00004f6c    00000004     --HOLE-- [fill = 0]
                  00004f70    0000004c                   : BIOS.obj (.text:ti_sysbios_heaps_HeapMem_getStats__E)
                  00004fbc    00000004     --HOLE-- [fill = 0]
                  00004fc0    0000004c                   : BIOS.obj (.text:ti_sysbios_knl_Swi_runLoop__I)
                  0000500c    00000004     --HOLE-- [fill = 0]
                  00005010    0000004c                   : BIOS.obj (.text:ti_sysbios_knl_Task_allBlockedFunction__I)
                  0000505c    00000004     --HOLE-- [fill = 0]
                  00005060    0000004c                   : BIOS.obj (.text:ti_sysbios_knl_Task_schedule__I)
                  000050ac    00000048     drivers_msp432p401x.aem4f : PowerMSP432.oem4f (.text:Power_releaseConstraint)
                  000050f4    00000004     --HOLE-- [fill = 0]
                  000050f8    00000048     sysbios.aem4f : BIOS.obj (.text:ti_sysbios_family_arm_m3_Hwi_disableInterrupt__E)
                  00005140    00000048                   : BIOS.obj (.text:ti_sysbios_family_arm_m3_Hwi_enableInterrupt__E)
                  00005188    00000048                   : BIOS.obj (.text:ti_sysbios_knl_Mailbox_Module_startup__E)
                  000051d0    00000048                   : BIOS.obj (.text:xdc_runtime_Core_assignParams__I)
                  00005218    00000046     drivers_msp432p401x.aem4f : RingBuf.oem4f (.text:RingBuf_put)
                  0000525e    00000002     --HOLE-- [fill = 0]
                  00005260    00000044                               : Timer.oem4f (.text:Timer_init)
                  000052a4    00000044                               : UART.oem4f (.text:UART_init)
                  000052e8    00000044     sysbios.aem4f : BIOS.obj (.text:ti_sysbios_family_arm_m3_Hwi_getStackInfo__E)
                  0000532c    00000004     --HOLE-- [fill = 0]
                  00005330    00000044                   : BIOS.obj (.text:ti_sysbios_knl_Swi_post__E)
                  00005374    00000040     dpl_msp432p401x.aem4f : HwiP_tirtos.oem4f (.text:HwiP_create)
                  000053b4    00000040     drivers_msp432p401x.aem4f : RingBuf.oem4f (.text:RingBuf_get)
                  000053f4    00000040                               : Timer.oem4f (.text:Timer_open)
                  00005434    00000040                               : UARTMSP432.oem4f (.text:UARTMSP432_read)
                  00005474    00000040                               : UART.oem4f (.text:UART_open)
                  000054b4    00000040                               : UARTMSP432.oem4f (.text:perfChangeNotifyFxn)
                  000054f4    00000040     rxtx_uart.obj (.text:rx_uart_interrupt)
                  00005534    00000004     --HOLE-- [fill = 0]
                  00005538    00000040     sysbios.aem4f : BIOS.obj (.text:ti_sysbios_family_arm_msp432_Timer_Module_startup__E)
                  00005578    00000040                   : BIOS.obj (.text:ti_sysbios_family_arm_msp432_Timer_startup__E)
                  000055b8    00000040                   : BIOS.obj (.text:ti_sysbios_heaps_HeapMem_Instance_init__E)
                  000055f8    00000040                   : BIOS.obj (.text:ti_sysbios_knl_Clock_Instance_init__E)
                  00005638    0000003c     dpl_msp432p401x.aem4f : SemaphoreP_tirtos.oem4f (.text:SemaphoreP_create)
                  00005674    00000004     --HOLE-- [fill = 0]
                  00005678    0000003c     sysbios.aem4f : BIOS.obj (.text:ti_sysbios_family_arm_m3_Hwi_Instance_finalize__E)
                  000056b4    00000004     --HOLE-- [fill = 0]
                  000056b8    0000003c                   : BIOS.obj (.text:ti_sysbios_family_arm_msp432_Seconds_Module_startup__E)
                  000056f4    0000003c     release_pem4f.oem4f (.text:ti_sysbios_knl_Clock_create)
                  00005730    0000003c     sysbios.aem4f : BIOS.obj (.text:ti_sysbios_knl_Swi_restore__E)
                  0000576c    00000004     --HOLE-- [fill = 0]
                  00005770    0000003c                   : BIOS.obj (.text:usleep)
                  000057ac    00000038     drivers_msp432p401x.aem4f : PowerMSP432.oem4f (.text:Power_setConstraint)
                  000057e4    00000038                               : TimerMSP432.oem4f (.text:TimerMSP432_getCount)
                  0000581c    00000038                               : PowerMSP432.oem4f (.text:notify)
                  00005854    00000004     --HOLE-- [fill = 0]
                  00005858    00000038     sysbios.aem4f : BIOS.obj (.text:xdc_runtime_System_atexit__E)
                  00005890    00000036     drivers_msp432p401x.aem4f : UARTMSP432.oem4f (.text:UARTMSP432_readCancel)
                  000058c6    00000036     rtsv7M4_T_le_v4SPD16_eabi.lib : strncpy.c.obj (.text:strncpy)
                  000058fc    00000034     drivers_msp432p401x.aem4f : GPIOMSP432.oem4f (.text:GPIO_enableInt)
                  00005930    00000034     release_pem4f.oem4f (.text:ti_sysbios_knl_Semaphore_create)
                  00005964    00000004     --HOLE-- [fill = 0]
                  00005968    00000032     sysbios.aem4f : BIOS.obj (.text:ti_sysbios_hal_Hwi_initStack)
                  0000599a    00000002     --HOLE-- [fill = 0]
                  0000599c    00000030     drivers_msp432p401x.aem4f : UARTMSP432.oem4f (.text:mapPin)
                  000059cc    00000030     release_pem4f.oem4f (.text:ti_sysbios_BIOS_atExitFunc__I)
                  000059fc    00000030     release_pem4f.oem4f (.text:ti_sysbios_BIOS_startFunc__I)
                  00005a2c    00000004     --HOLE-- [fill = 0]
                  00005a30    00000030     sysbios.aem4f : BIOS.obj (.text:ti_sysbios_family_arm_m3_TaskSupport_start__E)
                  00005a60    00000030     release_pem4f.oem4f (.text:ti_sysbios_gates_GateHwi_Object__create__S)
                  00005a90    00000030     release_pem4f.oem4f (.text:ti_sysbios_gates_GateMutex_Object__create__S)
                  00005ac0    00000030     sysbios.aem4f : BIOS.obj (.text:ti_sysbios_gates_GateMutex_enter__E)
                  00005af0    00000030     release_pem4f.oem4f (.text:ti_sysbios_heaps_HeapMem_Object__create__S)
                  00005b20    00000030     sysbios.aem4f : BIOS.obj (.text:ti_sysbios_knl_Mailbox_postInit__I)
                  00005b50    00000030     release_pem4f.oem4f (.text:ti_sysbios_knl_Semaphore_construct)
                  00005b80    00000030     sysbios.aem4f : BIOS.obj (.text:ti_sysbios_knl_Semaphore_pendTimeout__I)
                  00005bb0    00000030                   : BIOS.obj (.text:ti_sysbios_knl_Task_processVitalTaskFlag__I)
                  00005be0    00000030                   : BIOS.obj (.text:ti_sysbios_knl_Task_restore__E)
                  00005c10    00000030                   : BIOS.obj (.text:ti_sysbios_knl_Task_unblockI__E)
                  00005c40    00000030                   : BIOS.obj (.text:xdc_runtime_System_processAtExit__E)
                  00005c70    0000002e     rtsv7M4_T_le_v4SPD16_eabi.lib : i_tofd_t2.asm.obj (.text)
                  00005c9e    0000002e     release_pem4f.oem4f (.text:ti_sysbios_rts_MemAlloc_alloc)
                  00005ccc    0000002c     dpl_msp432p401x.aem4f : PowerMSP432_tirtos.oem4f (.text:PowerMSP432_updateFreqs)
                  00005cf8    0000002c     msp432p4xx_driverlib.lib : rtc_c.o (.text:RTC_C_holdClock)
                  00005d24    0000002c     dpl_msp432p401x.aem4f : SemaphoreP_tirtos.oem4f (.text:SemaphoreP_createBinary)
                  00005d50    0000002c     sysbios.aem4f : BIOS.obj (.text:_pthread_cleanupFxn)
                  00005d7c    00000004     --HOLE-- [fill = 0]
                  00005d80    0000002c                   : BIOS.obj (.text:_pthread_delete$43)
                  00005dac    0000002c     ultrasonic.obj (.text:compute_distance)
                  00005dd8    0000002c     drivers_msp432p401x.aem4f : TimerMSP432.oem4f (.text:perfChangeNotifyFxn)
                  00005e04    0000002c     rtsv7M4_T_le_v4SPD16_eabi.lib : strncmp.c.obj (.text:strncmp)
                  00005e30    0000002c     release_pem4f.oem4f (.text:ti_sysbios_knl_Clock_doTick__I)
                  00005e5c    0000002c     release_pem4f.oem4f (.text:ti_sysbios_knl_Queue_construct)
                  00005e88    00000028     msp432p4xx_driverlib.lib : pcm.o (.text:PCM_gotoLPM0)
                  00005eb0    00000028     drivers_msp432p401x.aem4f : PowerMSP432.oem4f (.text:Power_registerNotify)
                  00005ed8    00000028                               : PowerMSP432.oem4f (.text:disableFaultCounter)
                  00005f00    00000028                               : PowerMSP432.oem4f (.text:disableHFXT)
                  00005f28    00000028                               : UARTMSP432.oem4f (.text:findBaudDividerIndex)
                  00005f50    00000028     led.obj (.text:init_led_gpio)
                  00005f78    00000028     ultrasonic.obj (.text:init_ultrasonic_gpio)
                  00005fa0    00000028     sysbios.aem4f : m3_Hwi_asm.obj (.text:ti_sysbios_family_arm_m3_Hwi_excHandlerAsm__I)
                  00005fc8    00000028                   : BIOS.obj (.text:ti_sysbios_knl_Clock_addI__E)
                  00005ff0    00000028                   : BIOS.obj (.text:ti_sysbios_knl_Swi_Module_startup__E)
                  00006018    00000026     drivers_msp432p401x.aem4f : List.oem4f (.text:List_put)
                  0000603e    00000026                               : List.oem4f (.text:List_remove)
                  00006064    00000026     sysbios.aem4f : m3_Hwi_asm.obj (.text:ti_sysbios_family_arm_m3_Hwi_pendSV__I)
                  0000608a    00000002     --HOLE-- [fill = 0]
                  0000608c    00000024     msp432p4xx_driverlib.lib : wdt_a.o (.text:WDT_A_holdTimer)
                  000060b0    00000024     sysbios.aem4f : BIOS.obj (.text:pthread_attr_init)
                  000060d4    00000024     release_pem4f.oem4f (.text:ti_sysbios_BIOS_registerRTSLock__I)
                  000060f8    00000024     release_pem4f.oem4f (.text:ti_sysbios_BIOS_removeRTSLock__I)
                  0000611c    00000004     --HOLE-- [fill = 0]
                  00006120    00000024     sysbios.aem4f : BIOS.obj (.text:ti_sysbios_family_arm_msp432_ClockFreqs_setFrequency__E)
                  00006144    00000024     release_pem4f.oem4f (.text:ti_sysbios_gates_GateMutex_Object__delete__S)
                  00006168    00000024     sysbios.aem4f : BIOS.obj (.text:ti_sysbios_knl_Clock_Module_startup__E)
                  0000618c    00000024     release_pem4f.oem4f (.text:ti_sysbios_knl_Clock_Object__delete__S)
                  000061b0    00000024     sysbios.aem4f : BIOS.obj (.text:ti_sysbios_knl_Clock_start__E)
                  000061d4    00000004     --HOLE-- [fill = 0]
                  000061d8    00000024                   : BIOS.obj (.text:ti_sysbios_knl_Semaphore_Instance_init__E)
                  000061fc    00000024     release_pem4f.oem4f (.text:ti_sysbios_knl_Semaphore_Object__delete__S)
                  00006220    00000024     sysbios.aem4f : BIOS.obj (.text:ti_sysbios_knl_Task_restoreHwi__E)
                  00006244    00000004     --HOLE-- [fill = 0]
                  00006248    00000024                   : BIOS.obj (.text:xdc_runtime_Error_policyMin__E)
                  0000626c    00000020     msp432p4xx_driverlib.lib : cs.o (.text:CS_setExternalClockSourceFrequency)
                  0000628c    00000020     drivers_msp432p401x.aem4f : GPIOMSP432.oem4f (.text:GPIO_read)
                  000062ac    00000020                               : PowerMSP432.oem4f (.text:Power_unregisterNotify)
                  000062cc    00000020                               : RingBuf.oem4f (.text:RingBuf_peek)
                  000062ec    00000020     buzzer.obj (.text:change_buzzer_tone)
                  0000630c    00000020     release_pem4f.oem4f (.text:ti_sysbios_BIOS_rtsLock__I)
                  0000632c    00000020     release_pem4f.oem4f (.text:ti_sysbios_family_arm_m3_Hwi_Object__delete__S)
                  0000634c    00000020     release_pem4f.oem4f (.text:ti_sysbios_gates_GateHwi_Object__delete__S)
                  0000636c    00000020     release_pem4f.oem4f (.text:ti_sysbios_heaps_HeapMem_Object__delete__S)
                  0000638c    00000004     --HOLE-- [fill = 0]
                  00006390    00000020     sysbios.aem4f : BIOS.obj (.text:ti_sysbios_knl_Idle_run__E)
                  000063b0    00000020     release_pem4f.oem4f (.text:ti_sysbios_knl_Semaphore_destruct)
                  000063d0    00000020     release_pem4f.oem4f (.text:ti_sysbios_knl_Task_Object__delete__S)
                  000063f0    0000001e     sysbios.aem4f : m3_Hwi_asm_switch.obj (.text:ti_sysbios_family_xxx_Hwi_switchAndRunFunc)
                  0000640e    00000002     --HOLE-- [fill = 0]
                  00006410    0000001c     ultrasonic.obj (.text:inc_microseconds_since_high_trigger)
                  0000642c    0000001c     ultrasonic.obj (.text:inc_ultrasonic_microseconds_count)
                  00006448    0000001c     buzzer.obj (.text:init_buzzer_gpio)
                  00006464    00000004     --HOLE-- [fill = 0]
                  00006468    0000001c     sysbios.aem4f : BIOS.obj (.text:ti_sysbios_family_arm_m3_Hwi_excHandler__I)
                  00006484    00000004     --HOLE-- [fill = 0]
                  00006488    0000001c                   : BIOS.obj (.text:ti_sysbios_gates_GateMutex_Instance_init__E)
                  000064a4    00000004     --HOLE-- [fill = 0]
                  000064a8    0000001c                   : BIOS.obj (.text:ti_sysbios_knl_Clock_Instance_finalize__E)
                  000064c4    0000001c     release_pem4f.oem4f (.text:ti_sysbios_knl_Queue_destruct)
                  000064e0    0000001c     sysbios.aem4f : BIOS.obj (.text:ti_sysbios_knl_Queue_put__E)
                  000064fc    00000004     --HOLE-- [fill = 0]
                  00006500    0000001c                   : BIOS.obj (.text:ti_sysbios_knl_Task_enter__I)
                  0000651c    00000004     --HOLE-- [fill = 0]
                  00006520    0000001c                   : BIOS.obj (.text:ti_sysbios_rts_ti_ReentSupport_getReent__F)
                  0000653c    00000004     --HOLE-- [fill = 0]
                  00006540    0000001c                   : BIOS.obj (.text:xdc_runtime_Memory_valloc__E)
                  0000655c    00000004     --HOLE-- [fill = 0]
                  00006560    0000001c                   : BIOS.obj (.text:xdc_runtime_System_abort__E)
                  0000657c    0000001a     release_pem4f.oem4f (.text:free)
                  00006596    00000002     --HOLE-- [fill = 0]
                  00006598    00000018     release_pem4f.oem4f (.text:.bootCodeSection:ti_sysbios_family_arm_msp432_init_Boot_init__I)
                  000065b0    00000018     msp432p4xx_driverlib.lib : sysctl_a.o (.text:SysCtl_A_disableNMISource)
                  000065c8    00000018                              : sysctl_a.o (.text:SysCtl_A_enableNMISource)
                  000065e0    00000018     drivers_msp432p401x.aem4f : UART.oem4f (.text:UART_Params_init)
                  000065f8    00000018     rtsv7M4_T_le_v4SPD16_eabi.lib : args_main.c.obj (.text:_args_main)
                  00006610    00000018     sensor_fusion.obj (.text:inc_time_since_last_alert)
                  00006628    00000018     sensor_fusion.obj (.text:set_alert_sound)
                  00006640    00000018     sensor_fusion.obj (.text:set_uart_sent)
                  00006658    00000018     ultrasonic.obj (.text:set_ultrasonic_distance)
                  00006670    00000018     release_pem4f.oem4f (.text:ti_sysbios_BIOS_rtsUnlock__I)
                  00006688    00000018     release_pem4f.oem4f (.text:ti_sysbios_family_arm_m3_Hwi_Module__startupDone__F)
                  000066a0    00000018     sysbios.aem4f : m3_TaskSupport_asm.obj (.text:ti_sysbios_family_arm_m3_TaskSupport_swap__E)
                  000066b8    00000018     release_pem4f.oem4f (.text:ti_sysbios_family_arm_msp432_Timer_Module__startupDone__F)
                  000066d0    00000018     release_pem4f.oem4f (.text:ti_sysbios_gates_GateHwi_Handle__label__S)
                  000066e8    00000018     release_pem4f.oem4f (.text:ti_sysbios_gates_GateMutex_Handle__label__S)
                  00006700    00000018     sysbios.aem4f : BIOS.obj (.text:ti_sysbios_gates_GateMutex_leave__E)
                  00006718    00000018     release_pem4f.oem4f (.text:ti_sysbios_heaps_HeapMem_Handle__label__S)
                  00006730    00000018     sysbios.aem4f : BIOS.obj (.text:ti_sysbios_knl_Task_sleepTimeout__I)
                  00006748    00000018     release_pem4f.oem4f (.text:ti_sysbios_rts_ti_ReentSupport_getTlsAddr__I)
                  00006760    00000018     buzzer_thread.obj (.text:toggle_remote_trigger)
                  00006778    00000018     sysbios.aem4f : BIOS.obj (.text:xdc_runtime_Error_init__E)
                  00006790    00000018                   : BIOS.obj (.text:xdc_runtime_System_exit__E)
                  000067a8    00000016     release_pem4f.oem4f (.text:ti_sysbios_BIOS_exitFunc__I)
                  000067be    00000016     rxtx_uart.obj (.text:ti_sysbios_knl_Semaphore_Params_init)
                  000067d4    00000004     --HOLE-- [fill = 0]
                  000067d8    00000016     sysbios.aem4f : BIOS.obj (.text:ti_sysbios_knl_Task_unblock__E)
                  000067ee    00000002     --HOLE-- [fill = 0]
                  000067f0    00000014     msp432p4xx_driverlib.lib : pcm.o (.text:PCM_getPowerState)
                  00006804    00000014     drivers_msp432p401x.aem4f : PowerMSP432.oem4f (.text:Power_idleFunc)
                  00006818    00000014                               : UARTMSP432.oem4f (.text:clearTXCPTIFG)
                  0000682c    00000014     pir.obj (.text:init_pir_gpio)
                  00006840    00000014     sysbios.aem4f : BIOS.obj (.text:pthread_attr_setschedparam)
                  00006854    00000014     release_pem4f.oem4f (.text:ti_sysbios_family_arm_m3_Hwi_Object__get__S)
                  00006868    00000014     sysbios.aem4f : BIOS.obj (.text:ti_sysbios_family_arm_m3_Hwi_switchFromBootStack__E)
                  0000687c    00000014     release_pem4f.oem4f (.text:ti_sysbios_heaps_HeapMem_Object__get__S)
                  00006890    00000014     release_pem4f.oem4f (.text:ti_sysbios_knl_Swi_Object__get__S)
                  000068a4    00000014     ultrasonic.obj (.text:ultrasonic_echo_interrupt)
                  000068b8    00000012     drivers_msp432p401x.aem4f : RingBuf.oem4f (.text:RingBuf_construct)
                  000068ca    00000012     dpl_msp432p401x.aem4f : SemaphoreP_tirtos.oem4f (.text:SemaphoreP_pend)
                  000068dc    00000004     --HOLE-- [fill = 0]
                  000068e0    00000012     sysbios.aem4f : BIOS.obj (.text:_pthread_cleanup_pop)
                  000068f2    00000006     --HOLE-- [fill = 0]
                  000068f8    00000012                   : BIOS.obj (.text:_pthread_runStub$43)
                  0000690a    00000006     --HOLE-- [fill = 0]
                  00006910    00000012                   : BIOS.obj (.text:ti_sysbios_hal_Hwi_Module_startup__E)
                  00006922    00000012     buzzer.obj (.text:trigger_buzzer)
                  00006934    00000012     led.obj (.text:trigger_led0)
                  00006946    00000012     ultrasonic.obj (.text:trigger_ultrasonic_pin)
                  00006958    00000012     release_pem4f.oem4f (.text:xdc_runtime_Startup_exec__I)
                  0000696a    00000010     dpl_msp432p401x.aem4f : HwiP_tirtos.oem4f (.text:HwiP_Params_init)
                  0000697a    00000010     msp432p4xx_driverlib.lib : pcm.o (.text:PCM_gotoLPM4)
                  0000698a    00000010                              : pcm.o (.text:PCM_setPowerMode)
                  0000699a    00000010                              : pcm.o (.text:PCM_setPowerState)
                  000069aa    00000002     --HOLE-- [fill = 0]
                  000069ac    00000010     drivers_msp432p401x.aem4f : PowerMSP432.oem4f (.text:PowerMSP432_getNumPerfLevels)
                  000069bc    00000010     msp432p4xx_driverlib.lib : sysctl_a.o (.text:SysCtl_A_getNMISourceStatus)
                  000069cc    00000010                              : sysctl.o (.text:SysCtl_getNMISourceStatus)
                  000069dc    00000010     drivers_msp432p401x.aem4f : Timer.oem4f (.text:Timer_Params_init)
                  000069ec    00000010                               : UARTMSP432.oem4f (.text:readBlockingTimeout)
                  000069fc    00000004     --HOLE-- [fill = 0]
                  00006a00    00000010     sysbios.aem4f : BIOS.obj (.text:ti_sysbios_BIOS_exit__E)
                  00006a10    00000010                   : BIOS.obj (.text:ti_sysbios_BIOS_setCpuFreq__E)
                  00006a20    00000010                   : BIOS.obj (.text:ti_sysbios_BIOS_setThreadType__E)
                  00006a30    00000010                   : BIOS.obj (.text:ti_sysbios_BIOS_start__E)
                  00006a40    00000010                   : m3_TaskSupport_asm.obj (.text:ti_sysbios_family_arm_m3_TaskSupport_glue)
                  00006a50    00000010                   : BIOS.obj (.text:ti_sysbios_family_arm_msp432_init_Boot_disableWatchdog)
                  00006a60    00000010                   : BIOS.obj (.text:ti_sysbios_gates_GateMutex_Instance_finalize__E)
                  00006a70    00000010     release_pem4f.oem4f (.text:ti_sysbios_knl_Mailbox_Object__get__S)
                  00006a80    00000010     sysbios.aem4f : BIOS.obj (.text:ti_sysbios_knl_Semaphore_Instance_finalize__E)
                  00006a90    00000010                   : BIOS.obj (.text:ti_sysbios_knl_Swi_disable__E)
                  00006aa0    00000010     release_pem4f.oem4f (.text:ti_sysbios_knl_Task_Object__get__S)
                  00006ab0    00000010     sysbios.aem4f : BIOS.obj (.text:ti_sysbios_knl_Task_disable__E)
                  00006ac0    00000010                   : BIOS.obj (.text:xdc_runtime_Gate_leaveSystem__E)
                  00006ad0    00000010                   : BIOS.obj (.text:xdc_runtime_Memory_free__E)
                  00006ae0    00000010                   : BIOS.obj (.text:xdc_runtime_SysCallback_abort__E)
                  00006af0    00000010                   : BIOS.obj (.text:xdc_runtime_SysCallback_exit__E)
                  00006b00    0000000e     rtsv7M4_T_le_v4SPD16_eabi.lib : copy_decompress_none.c.obj (.text:decompress:none:__TI_decompress_none)
                  00006b0e    00000002     --HOLE-- [fill = 0]
                  00006b10    0000000e     sysbios.aem4f : BIOS.obj (.text:pthread_attr_setdetachstate)
                  00006b1e    00000002     --HOLE-- [fill = 0]
                  00006b20    0000000e                   : BIOS.obj (.text:ti_sysbios_knl_Idle_loop__E)
                  00006b2e    00000002     --HOLE-- [fill = 0]
                  00006b30    0000000e                   : BIOS.obj (.text:ti_sysbios_knl_Queue_empty__E)
                  00006b3e    0000000c     ti_drivers_config.obj (.text:Board_init)
                  00006b4a    0000000c     msp432p4xx_driverlib.lib : cpu.o (.text:CPU_cpsid)
                  00006b56    0000000c                              : cpu.o (.text:CPU_cpsie)
                  00006b62    0000000c     dpl_msp432p401x.aem4f : ClockP_tirtos.oem4f (.text:ClockP_delete)
                  00006b6e    0000000c                           : HwiP_tirtos.oem4f (.text:HwiP_delete)
                  00006b7a    00000002     --HOLE-- [fill = 0]
                  00006b7c    0000000c     drivers_msp432p401x.aem4f : PowerMSP432.oem4f (.text:Power_getConstraintMask)
                  00006b88    0000000c                               : PowerMSP432.oem4f (.text:Power_getPerformanceLevel)
                  00006b94    0000000c     dpl_msp432p401x.aem4f : SemaphoreP_tirtos.oem4f (.text:SemaphoreP_delete)
                  00006ba0    0000000c     rtsv7M4_T_le_v4SPD16_eabi.lib : _lock.c.obj (.text:_register_lock)
                  00006bac    0000000c                                   : _lock.c.obj (.text:_register_unlock)
                  00006bb8    0000000c                                   : copy_zero_init.c.obj (.text:decompress:ZI:__TI_zero_init)
                  00006bc4    0000000c     sensor_fusion.obj (.text:get_alert_sound)
                  00006bd0    0000000c     buzzer.obj (.text:get_buzzer_tone)
                  00006bdc    0000000c     ultrasonic.obj (.text:get_microseconds_count)
                  00006be8    0000000c     ultrasonic.obj (.text:get_microseconds_since_high_trigger)
                  00006bf4    0000000c     pir.obj (.text:get_pir_trigger_status)
                  00006c00    0000000c     sensor_fusion.obj (.text:get_time_since_last_alert)
                  00006c0c    0000000c     ultrasonic.obj (.text:get_ultrasonic_distance)
                  00006c18    0000000c     sensor_fusion.obj (.text:is_uart_sent)
                  00006c24    00000004     --HOLE-- [fill = 0]
                  00006c28    0000000c     sysbios.aem4f : BIOS.obj (.text:pthread_self)
                  00006c34    0000000c     ultrasonic.obj (.text:read_ultrasonic_trigger_pin)
                  00006c40    0000000c     ultrasonic.obj (.text:reset_microseconds_since_high_trigger)
                  00006c4c    0000000c     sensor_fusion.obj (.text:reset_time_count)
                  00006c58    0000000c     ultrasonic.obj (.text:reset_ultrasonic_microseconds_count)
                  00006c64    0000000c     release_pem4f.oem4f (.text:ti_sysbios_family_arm_m3_Hwi_Params__init__S)
                  00006c70    0000000c     sysbios.aem4f : BIOS.obj (.text:ti_sysbios_family_arm_m3_Hwi_disableFxn__E)
                  00006c7c    00000004     --HOLE-- [fill = 0]
                  00006c80    0000000c                   : BIOS.obj (.text:ti_sysbios_family_arm_m3_TaskSupport_getStackAlignment__E)
                  00006c8c    00000004     --HOLE-- [fill = 0]
                  00006c90    0000000c                   : BIOS.obj (.text:ti_sysbios_family_arm_msp432_Timer_getMaxTicks__E)
                  00006c9c    00000004     --HOLE-- [fill = 0]
                  00006ca0    0000000c                   : BIOS.obj (.text:ti_sysbios_gates_GateHwi_enter__E)
                  00006cac    0000000c     release_pem4f.oem4f (.text:ti_sysbios_knl_Clock_Params__init__S)
                  00006cb8    0000000c     release_pem4f.oem4f (.text:ti_sysbios_knl_Queue_Object__get__S)
                  00006cc4    0000000c     release_pem4f.oem4f (.text:ti_sysbios_knl_Semaphore_Params__init__S)
                  00006cd0    0000000c     release_pem4f.oem4f (.text:ti_sysbios_knl_Task_Params__init__S)
                  00006cdc    00000004     --HOLE-- [fill = 0]
                  00006ce0    0000000c     sysbios.aem4f : BIOS.obj (.text:ti_sysbios_knl_Task_self__E)
                  00006cec    00000004     --HOLE-- [fill = 0]
                  00006cf0    0000000c                   : BIOS.obj (.text:ti_sysbios_rts_ti_ReentSupport_taskRegHook__I)
                  00006cfc    0000000c     led.obj (.text:trigger_led1)
                  00006d08    0000000c     sysbios.aem4f : BIOS.obj (.text:xdc_runtime_Gate_enterSystem__E)
                  00006d14    00000004     --HOLE-- [fill = 0]
                  00006d18    0000000c                   : BIOS.obj (.text:xdc_runtime_Memory_calloc__E)
                  00006d24    00000004     --HOLE-- [fill = 0]
                  00006d28    0000000c                   : BIOS.obj (.text:xdc_runtime_Startup_rtsDone__E)
                  00006d34    0000000a     dpl_msp432p401x.aem4f : ClockP_tirtos.oem4f (.text:ClockP_Params_init)
                  00006d3e    0000000a     drivers_msp432p401x.aem4f : Timer.oem4f (.text:Timer_start)
                  00006d48    0000000a                               : UART.oem4f (.text:UART_read)
                  00006d52    0000000a                               : UART.oem4f (.text:UART_writePolling)
                  00006d5c    0000000a     release_pem4f.oem4f (.text:xdc_runtime_IHeap_alloc)
                  00006d66    0000000a     release_pem4f.oem4f (.text:xdc_runtime_IHeap_free)
                  00006d70    00000008     dpl_msp432p401x.aem4f : SemaphoreP_tirtos.oem4f (.text:SemaphoreP_Params_init)
                  00006d78    00000008     sysbios.aem4f : BIOS.obj (.text:pthread_attr_setstacksize)
                  00006d80    00000008     drivers_msp432p401x.aem4f : UARTMSP432.oem4f (.text:readSemCallback)
                  00006d88    00000008     sysbios.aem4f : BIOS.obj (.text:ti_sysbios_family_arm_m3_Hwi_doSwiRestore__I)
                  00006d90    00000008                   : BIOS.obj (.text:ti_sysbios_family_arm_m3_Hwi_startup__E)
                  00006d98    00000008     drivers_msp432p401x.aem4f : UARTMSP432.oem4f (.text:txcptEnabledStatus)
                  00006da0    00000008                               : UARTMSP432.oem4f (.text:writeSemCallback)
                  00006da8    00000006     sysbios.aem4f : BIOS.obj (.text:ti_sysbios_family_arm_m3_Hwi_doTaskRestore__I)
                  00006dae    00000002     --HOLE-- [fill = 0]
                  00006db0    00000006                   : BIOS.obj (.text:ti_sysbios_family_arm_m3_Hwi_restoreFxn__E)
                  00006db6    00000002     --HOLE-- [fill = 0]
                  00006db8    00000006                   : BIOS.obj (.text:ti_sysbios_gates_GateHwi_leave__E)
                  00006dbe    00000002     --HOLE-- [fill = 0]
                  00006dc0    00000006                   : BIOS.obj (.text:ti_sysbios_heaps_HeapMem_isBlocking__E)
                  00006dc6    00000002     --HOLE-- [fill = 0]
                  00006dc8    00000006                   : BIOS.obj (.text:ti_sysbios_knl_Clock_stop__E)
                  00006dce    00000002     --HOLE-- [fill = 0]
                  00006dd0    00000006                   : BIOS.obj (.text:ti_sysbios_knl_Queue_Instance_init__E)
                  00006dd6    00000002     --HOLE-- [fill = 0]
                  00006dd8    00000006                   : BIOS.obj (.text:ti_sysbios_knl_Swi_startup__E)
                  00006dde    00000002     --HOLE-- [fill = 0]
                  00006de0    00000006                   : BIOS.obj (.text:xdc_runtime_System_Module_startup__E)
                  00006de6    00000002     --HOLE-- [fill = 0]
                  00006de8    00000004                   : BIOS.obj (.text:__aeabi_errno_addr)
                  00006dec    00000004     --HOLE-- [fill = 0]
                  00006df0    00000004                   : BIOS.obj (.text:ti_sysbios_gates_GateHwi_query__E)
                  00006df4    00000004     --HOLE-- [fill = 0]
                  00006df8    00000004                   : BIOS.obj (.text:ti_sysbios_gates_GateMutex_query__E)
                  00006dfc    00000004     --HOLE-- [fill = 0]
                  00006e00    00000004                   : BIOS.obj (.text:ti_sysbios_knl_Clock_setTimeout__E)
                  00006e04    00000004     --HOLE-- [fill = 0]
                  00006e08    00000004                   : BIOS.obj (.text:ti_sysbios_knl_Task_startup__E)
                  00006e0c    00000004     --HOLE-- [fill = 0]
                  00006e10    00000002                   : BIOS.obj (.text:ti_sysbios_BIOS_linkedWithIncorrectBootLibrary__E)
                  00006e12    00000006     --HOLE-- [fill = 0]
                  00006e18    00000002                   : BIOS.obj (.text:ti_sysbios_gates_GateHwi_Instance_init__E)
                  00006e1a    00000006     --HOLE-- [fill = 0]
                  00006e20    00000002                   : BIOS.obj (.text:ti_sysbios_knl_Clock_logTick__E)
                  00006e22    00000006     --HOLE-- [fill = 0]
                  00006e28    00000002                   : BIOS.obj (.text:xdc_runtime_SysCallback_defaultAbort)
                  00006e2a    00000006     --HOLE-- [fill = 0]
                  00006e30    00000002                   : BIOS.obj (.text:xdc_runtime_SysCallback_defaultExit)
                  00006e32    00000006     --HOLE-- [fill = 0]
                  00006e38    00000002                   : BIOS.obj (.text:xdc_runtime_System_abortSpin__E)
                  00006e3a    00000006     --HOLE-- [fill = 0]
                  00006e40    00000002                   : BIOS.obj (.text:xdc_runtime_System_exitSpin__E)

.const     0    00006e44    000006d2     
                  00006e44    00000058     ti_drivers_config.obj (.const:uartMSP432HWAttrs)
                  00006e9c    00000050     drivers_msp432p401x.aem4f : TimerMSP432.oem4f (.const:timerADividers)
                  00006eec    00000048     release_pem4f.oem4f (.const:.string)
                  00006f34    00000040     ti_drivers_config.obj (.const:uartMSP432Baudrates)
                  00006f74    0000003c     release_pem4f.oem4f (.const:ti_sysbios_knl_Task_Object__PARAMS__C)
                  00006fb0    00000038     ti_drivers_config.obj (.const:PowerMSP432_config)
                  00006fe8    00000030     release_pem4f.oem4f (.const:ti_sysbios_family_arm_m3_Hwi_Object__PARAMS__C)
                  00007018    00000028     drivers_msp432p401x.aem4f : UARTMSP432.oem4f (.const:UARTMSP432_fxnTable)
                  00007040    00000028     release_pem4f.oem4f (.const:ti_sysbios_heaps_HeapMem_Module__FXNS__C)
                  00007068    00000024     drivers_msp432p401x.aem4f : UART.oem4f (.const:UART_defaultParams)
                  0000708c    00000024     release_pem4f.oem4f (.const:ti_sysbios_gates_GateHwi_Module__FXNS__C)
                  000070b0    00000024     release_pem4f.oem4f (.const:ti_sysbios_gates_GateMutex_Module__FXNS__C)
                  000070d4    00000024     release_pem4f.oem4f (.const:ti_sysbios_heaps_HeapMem_Object__PARAMS__C)
                  000070f8    00000024     release_pem4f.oem4f (.const:ti_sysbios_knl_Clock_Object__PARAMS__C)
                  0000711c    00000024     release_pem4f.oem4f (.const:ti_sysbios_knl_Semaphore_Object__PARAMS__C)
                  00007140    00000024     release_pem4f.oem4f (.const:xdc_runtime_Startup_sfxnTab__A)
                  00007164    00000020     ti_drivers_config.obj (.const:TimerMSP432HWAttrs)
                  00007184    00000020     drivers_msp432p401x.aem4f : TimerMSP432.oem4f (.const:TimerMSP432_Timer32_fxnTable)
                  000071a4    00000020                               : TimerMSP432.oem4f (.const:TimerMSP432_Timer_A_fxnTable)
                  000071c4    00000020                               : UARTMSP432.oem4f (.const:staticFxnTable)
                  000071e4    00000020     release_pem4f.oem4f (.const:ti_sysbios_family_arm_m3_Hwi_Object__DESC__C)
                  00007204    00000020     release_pem4f.oem4f (.const:ti_sysbios_gates_GateHwi_Object__DESC__C)
                  00007224    00000020     release_pem4f.oem4f (.const:ti_sysbios_gates_GateMutex_Object__DESC__C)
                  00007244    00000020     release_pem4f.oem4f (.const:ti_sysbios_heaps_HeapMem_Object__DESC__C)
                  00007264    00000020     release_pem4f.oem4f (.const:ti_sysbios_knl_Clock_Object__DESC__C)
                  00007284    00000020     release_pem4f.oem4f (.const:ti_sysbios_knl_Queue_Object__DESC__C)
                  000072a4    00000020     release_pem4f.oem4f (.const:ti_sysbios_knl_Semaphore_Object__DESC__C)
                  000072c4    00000020     release_pem4f.oem4f (.const:ti_sysbios_knl_Task_Object__DESC__C)
                  000072e4    00000018     ti_drivers_config.obj (.const:Timer_config)
                  000072fc    00000018     ti_drivers_config.obj (.const:UART_config)
                  00007314    00000018     release_pem4f.oem4f (.const:ti_sysbios_gates_GateHwi_Object__PARAMS__C)
                  0000732c    00000018     release_pem4f.oem4f (.const:ti_sysbios_gates_GateMutex_Object__PARAMS__C)
                  00007344    00000018     release_pem4f.oem4f (.const:ti_sysbios_knl_Queue_Object__PARAMS__C)
                  0000735c    00000018     release_pem4f.oem4f (.const:ti_sysbios_knl_Task_hooks__A)
                  00007374    00000016     main_thread.obj (.const:.string)
                  0000738a    00000002     release_pem4f.oem4f (.const:ti_sysbios_family_arm_m3_Hwi_Module__id__C)
                  0000738c    00000016     rxtx_uart.obj (.const:.string)
                  000073a2    00000002     release_pem4f.oem4f (.const:ti_sysbios_family_arm_msp432_init_Boot_bypassHFXT__C)
                  000073a4    00000014     ti_drivers_config.obj (.const:GPIOMSP432_config)
                  000073b8    00000012     release_pem4f.oem4f (.const:xdc_runtime_Startup_sfxnRts__A)
                  000073ca    00000002     release_pem4f.oem4f (.const:ti_sysbios_family_arm_msp432_init_Boot_bypassLFXT__C)
                  000073cc    0000000c     drivers_msp432p401x.aem4f : Timer.oem4f (.const:defaultParams)
                  000073d8    0000000c                               : TimerMSP432.oem4f (.const:timer32Dividers)
                  000073e4    0000000c     release_pem4f.oem4f (.const:xdc_runtime_Startup_firstFxns__A)
                  000073f0    00000008     release_pem4f.oem4f (.const:ti_sysbios_knl_Idle_funcList__A)
                  000073f8    00000008     release_pem4f.oem4f (.const:ti_sysbios_knl_Idle_funcList__C)
                  00007400    00000008     release_pem4f.oem4f (.const:ti_sysbios_knl_Task_hooks__C)
                  00007408    00000008     release_pem4f.oem4f (.const:xdc_runtime_Startup_firstFxns__C)
                  00007410    00000008     release_pem4f.oem4f (.const:xdc_runtime_Startup_lastFxns__C)
                  00007418    00000006     drivers_msp432p401x.aem4f : GPIOMSP432.oem4f (.const:.string:interruptType)
                  0000741e    00000006                               : GPIOMSP432.oem4f (.const:.string:portInterruptIds)
                  00007424    00000005                               : UARTMSP432.oem4f (.const:.string:parityTypes)
                  00007429    00000001     release_pem4f.oem4f (.const:xdc_runtime_Error_policy__C)
                  0000742a    00000004     drivers_msp432p401x.aem4f : UARTMSP432.oem4f (.const:stopBits)
                  0000742e    00000002     release_pem4f.oem4f (.const:ti_sysbios_family_arm_msp432_init_Boot_enableHFXT__C)
                  00007430    00000004     release_pem4f.oem4f (.const:ti_sysbios_family_arm_m3_Hwi_E_alreadyDefined__C)
                  00007434    00000004     release_pem4f.oem4f (.const:ti_sysbios_family_arm_m3_Hwi_E_badIntNum__C)
                  00007438    00000004     release_pem4f.oem4f (.const:ti_sysbios_family_arm_m3_Hwi_NUM_INTERRUPTS__C)
                  0000743c    00000004     release_pem4f.oem4f (.const:ti_sysbios_family_arm_m3_Hwi_Object__count__C)
                  00007440    00000004     release_pem4f.oem4f (.const:ti_sysbios_family_arm_m3_Hwi_ccr__C)
                  00007444    00000004     release_pem4f.oem4f (.const:ti_sysbios_family_arm_m3_Hwi_excHandlerFunc__C)
                  00007448    00000004     release_pem4f.oem4f (.const:ti_sysbios_family_arm_m3_Hwi_nullIsrFunc__C)
                  0000744c    00000004     release_pem4f.oem4f (.const:ti_sysbios_family_arm_m3_Hwi_priGroup__C)
                  00007450    00000004     release_pem4f.oem4f (.const:ti_sysbios_family_arm_m3_Hwi_swiDisable__C)
                  00007454    00000004     release_pem4f.oem4f (.const:ti_sysbios_family_arm_m3_Hwi_swiRestore__C)
                  00007458    00000004     release_pem4f.oem4f (.const:ti_sysbios_family_arm_m3_TaskSupport_stackAlignment__C)
                  0000745c    00000004     release_pem4f.oem4f (.const:ti_sysbios_family_arm_msp432_Timer_numTimerDevices__C)
                  00007460    00000004     release_pem4f.oem4f (.const:ti_sysbios_family_arm_msp432_Timer_startupNeeded__C)
                  00007464    00000004     release_pem4f.oem4f (.const:ti_sysbios_gates_GateMutex_Instance_State_sem__O)
                  00007468    00000004     release_pem4f.oem4f (.const:ti_sysbios_heaps_HeapMem_E_memory__C)
                  0000746c    00000004     release_pem4f.oem4f (.const:ti_sysbios_heaps_HeapMem_Module__gateObj__C)
                  00007470    00000004     release_pem4f.oem4f (.const:ti_sysbios_heaps_HeapMem_Object__count__C)
                  00007474    00000004     release_pem4f.oem4f (.const:ti_sysbios_heaps_HeapMem_primaryHeapBaseAddr__C)
                  00007478    00000004     release_pem4f.oem4f (.const:ti_sysbios_heaps_HeapMem_primaryHeapEndAddr__C)
                  0000747c    00000004     release_pem4f.oem4f (.const:ti_sysbios_heaps_HeapMem_reqAlign__C)
                  00007480    00000004     release_pem4f.oem4f (.const:ti_sysbios_knl_Clock_Module_State_clockQ__O)
                  00007484    00000004     release_pem4f.oem4f (.const:ti_sysbios_knl_Clock_tickPeriod__C)
                  00007488    00000004     release_pem4f.oem4f (.const:ti_sysbios_knl_Mailbox_Instance_State_freeQue__O)
                  0000748c    00000004     release_pem4f.oem4f (.const:ti_sysbios_knl_Mailbox_Object__count__C)
                  00007490    00000004     release_pem4f.oem4f (.const:ti_sysbios_knl_Mailbox_maxTypeAlign__C)
                  00007494    00000004     release_pem4f.oem4f (.const:ti_sysbios_knl_Semaphore_Instance_State_pendQ__O)
                  00007498    00000004     release_pem4f.oem4f (.const:ti_sysbios_knl_Swi_Object__count__C)
                  0000749c    00000004     release_pem4f.oem4f (.const:ti_sysbios_knl_Task_Module_State_inactiveQ__O)
                  000074a0    00000004     release_pem4f.oem4f (.const:ti_sysbios_knl_Task_Object__count__C)
                  000074a4    00000004     release_pem4f.oem4f (.const:ti_sysbios_knl_Task_Object__heap__C)
                  000074a8    00000004     release_pem4f.oem4f (.const:ti_sysbios_knl_Task_allBlockedFunc__C)
                  000074ac    00000004     release_pem4f.oem4f (.const:ti_sysbios_knl_Task_defaultStackHeap__C)
                  000074b0    00000004     release_pem4f.oem4f (.const:ti_sysbios_knl_Task_defaultStackSize__C)
                  000074b4    00000004     release_pem4f.oem4f (.const:ti_sysbios_knl_Task_numConstructedTasks__C)
                  000074b8    00000004     release_pem4f.oem4f (.const:xdc_runtime_Error_E_memory__C)
                  000074bc    00000004     release_pem4f.oem4f (.const:xdc_runtime_Error_policyFxn__C)
                  000074c0    00000004     release_pem4f.oem4f (.const:xdc_runtime_IGateProvider_Interface__BASE__C)
                  000074c4    00000004     release_pem4f.oem4f (.const:xdc_runtime_IHeap_Interface__BASE__C)
                  000074c8    00000004     release_pem4f.oem4f (.const:xdc_runtime_IModule_Interface__BASE__C)
                  000074cc    00000004     release_pem4f.oem4f (.const:xdc_runtime_Memory_defaultHeapInstance__C)
                  000074d0    00000004     release_pem4f.oem4f (.const:xdc_runtime_Startup_execImpl__C)
                  000074d4    00000004     release_pem4f.oem4f (.const:xdc_runtime_Startup_maxPasses__C)
                  000074d8    00000004     release_pem4f.oem4f (.const:xdc_runtime_Startup_sfxnRts__C)
                  000074dc    00000004     release_pem4f.oem4f (.const:xdc_runtime_Startup_sfxnTab__C)
                  000074e0    00000004     release_pem4f.oem4f (.const:xdc_runtime_SysCallback_abortFxn__C)
                  000074e4    00000004     release_pem4f.oem4f (.const:xdc_runtime_SysCallback_exitFxn__C)
                  000074e8    00000004     release_pem4f.oem4f (.const:xdc_runtime_System_Module__gateObj__C)
                  000074ec    00000004     release_pem4f.oem4f (.const:xdc_runtime_System_abortFxn__C)
                  000074f0    00000004     release_pem4f.oem4f (.const:xdc_runtime_System_exitFxn__C)
                  000074f4    00000004     release_pem4f.oem4f (.const:xdc_runtime_System_maxAtexitHandlers__C)
                  000074f8    00000004     release_pem4f.oem4f (.const:xdc_runtime_Text_charTab__C)
                  000074fc    00000004     release_pem4f.oem4f (.const:xdc_runtime_Text_nameEmpty__C)
                  00007500    00000004     release_pem4f.oem4f (.const:xdc_runtime_Text_nameStatic__C)
                  00007504    00000004     release_pem4f.oem4f (.const:xdc_runtime_Text_nameUnknown__C)
                  00007508    00000003     ti_drivers_config.obj (.const)
                  0000750b    00000001     release_pem4f.oem4f (.const:xdc_runtime_Text_charTab__A)
                  0000750c    00000002     release_pem4f.oem4f (.const:ti_sysbios_family_arm_msp432_init_Boot_enableLFXT__C)
                  0000750e    00000002     release_pem4f.oem4f (.const:ti_sysbios_heaps_HeapMem_Module__id__C)
                  00007510    00000002     release_pem4f.oem4f (.const:xdc_runtime_Memory_Module__id__C)
                  00007512    00000002     release_pem4f.oem4f (.const:xdc_runtime_Text_charCnt__C)
                  00007514    00000002     release_pem4f.oem4f (.const:xdc_runtime_Text_isLoaded__C)

.cinit     0    00007518    00000278     
                  00007518    00000254     (.cinit..data.load) [load image, compression = lzss]
                  0000776c    0000000c     (__TI_handler_table)
                  00007778    00000008     (.cinit..bss.load) [load image, compression = zero_init]
                  00007780    00000010     (__TI_cinit_table)

.init_array 
*          0    00000000    00000000     UNINITIALIZED

.bss       0    20008140    00000960     UNINITIALIZED
                  20008140    00000400     (.common:rxData)
                  20008540    00000200     release_pem4f.oem4f (.bss:taskStackSection)
                  20008740    00000140     (.common:ti_sysbios_family_arm_m3_Hwi_dispatchTable)
                  20008880    00000100     (.common:uartMSP432Objects)
                  20008980    00000068     (.common:timerMSP432Objects)
                  200089e8    00000030     drivers_msp432p401x.aem4f : GPIOMSP432.oem4f (.bss:gpioCallbackInfo)
                  20008a18    00000024     (.common:uartParams)
                  20008a3c    00000020     ti_drivers_config.obj (.bss:uartMSP432RingBuffer0)
                  20008a5c    00000020     ti_drivers_config.obj (.bss:uartMSP432RingBuffer1)
                  20008a7c    00000008     msp432p4xx_driverlib.lib : cs.o (.bss)
                  20008a84    00000004     drivers_msp432p401x.aem4f : GPIOMSP432.oem4f (.bss)
                  20008a88    00000004                               : TimerMSP432.oem4f (.bss:timerState)
                  20008a8c    00000004     (.common:ClockP_tickPeriod)
                  20008a90    00000004     (.common:SEM_uart_rx)
                  20008a94    00000004     (.common:retc)
                  20008a98    00000004     (.common:ti_sysbios_knl_Task_Instance_State_0_hookEnv__A)
                  20008a9c    00000004     (.common:uart)

.data      0    20008aa0    00000692     UNINITIALIZED
                  20008aa0    00000140     drivers_msp432p401x.aem4f : PowerMSP432.oem4f (.data:PowerMSP432_perfLevels)
                  20008be0    00000088     sysbios.aem4f : BIOS.obj (.data:$O1$$)
                  20008c68    00000080     release_pem4f.oem4f (.data:ti_sysbios_knl_Swi_Module_State_0_readyQ__A)
                  20008ce8    00000080     release_pem4f.oem4f (.data:ti_sysbios_knl_Task_Module_State_0_readyQ__A)
                  20008d68    00000054     release_pem4f.oem4f (.data:ti_sysbios_gates_GateMutex_Object__table__V)
                  20008dbc    0000004c     release_pem4f.oem4f (.data:ti_sysbios_knl_Task_Object__table__V)
                  20008e08    00000044     release_pem4f.oem4f (.data:ti_sysbios_family_arm_msp432_Timer_Object__table__V)
                  20008e4c    00000044     release_pem4f.oem4f (.data:ti_sysbios_knl_Task_Module__state__V)
                  20008e90    00000034     release_pem4f.oem4f (.data:ti_sysbios_family_arm_m3_Hwi_Module__state__V)
                  20008ec4    00000030     release_pem4f.oem4f (.data:ti_sysbios_knl_Swi_Object__table__V)
                  20008ef4    0000002c     drivers_msp432p401x.aem4f : PowerMSP432.oem4f (.data:PowerMSP432_module)
                  20008f20    0000002c     release_pem4f.oem4f (.data:ti_sysbios_knl_Clock_Module__state__V)
                  20008f4c    00000024     ti_drivers_config.obj (.data:gpioCallbackFunctions)
                  20008f70    00000024     ti_drivers_config.obj (.data:gpioPinConfigs)
                  20008f94    00000024     release_pem4f.oem4f (.data:ti_sysbios_BIOS_Module__state__V)
                  20008fb8    00000020     release_pem4f.oem4f (.data:ti_sysbios_family_arm_msp432_Timer_Module_State_0_device__A)
                  20008fd8    00000020     release_pem4f.oem4f (.data:xdc_runtime_Error_IgnoreBlock)
                  20008ff8    0000001c     release_pem4f.oem4f (.data:ti_sysbios_knl_Swi_Module__state__V)
                  20009014    00000018     release_pem4f.oem4f (.data:ti_sysbios_family_arm_m3_Hwi_Object__table__V)
                  2000902c    00000018     release_pem4f.oem4f (.data:ti_sysbios_heaps_HeapMem_Object__table__V)
                  20009044    00000018     drivers_msp432p401x.aem4f : TimerMSP432.oem4f (.data:upConfig)
                  2000905c    00000010     release_pem4f.oem4f (.data:ti_sysbios_family_arm_msp432_Timer_Module_State_0_handles__A)
                  2000906c    0000000c     main_thread.obj (.data)
                  20009078    0000000c     rxtx_uart.obj (.data)
                  20009084    0000000c     release_pem4f.oem4f (.data:ti_sysbios_family_arm_msp432_ClockFreqs_Module__state__V)
                  20009090    0000000c     release_pem4f.oem4f (.data:ti_sysbios_family_arm_msp432_Timer_Module__state__V)
                  2000909c    0000000a     sensor_fusion.obj (.data)
                  200090a6    00000002     drivers_msp432p401x.aem4f : GPIOMSP432.oem4f (.data)
                  200090a8    00000008     rtsv7M4_T_le_v4SPD16_eabi.lib : _lock.c.obj (.data:$O1$$)
                  200090b0    00000008     release_pem4f.oem4f (.data:ti_sysbios_family_arm_m3_Hwi_Module__root__V)
                  200090b8    00000008     release_pem4f.oem4f (.data:ti_sysbios_gates_GateHwi_Module__root__V)
                  200090c0    00000008     release_pem4f.oem4f (.data:ti_sysbios_gates_GateMutex_Module__root__V)
                  200090c8    00000008     release_pem4f.oem4f (.data:ti_sysbios_heaps_HeapMem_Module__root__V)
                  200090d0    00000008     release_pem4f.oem4f (.data:ti_sysbios_knl_Clock_Module__root__V)
                  200090d8    00000008     release_pem4f.oem4f (.data:ti_sysbios_knl_Queue_Module__root__V)
                  200090e0    00000008     release_pem4f.oem4f (.data:ti_sysbios_knl_Semaphore_Module__root__V)
                  200090e8    00000008     release_pem4f.oem4f (.data:ti_sysbios_knl_Task_Module__root__V)
                  200090f0    00000008     ultrasonic.obj (.data)
                  200090f8    00000008     release_pem4f.oem4f (.data:xdc_runtime_Startup_Module__state__V)
                  20009100    00000008     release_pem4f.oem4f (.data:xdc_runtime_System_Module_State_0_atexitHandlers__A)
                  20009108    00000008     release_pem4f.oem4f (.data:xdc_runtime_System_Module__state__V)
                  20009110    00000004     rtsv7M4_T_le_v4SPD16_eabi.lib : stkdepth_vars.c.obj (.data)
                  20009114    00000004     release_pem4f.oem4f (.data:ti_sysbios_family_arm_m3_Hwi_Module_State_0_excContext__A)
                  20009118    00000004     release_pem4f.oem4f (.data:ti_sysbios_family_arm_m3_Hwi_Module_State_0_excStack__A)
                  2000911c    00000004     release_pem4f.oem4f (.data:ti_sysbios_gates_GateHwi_Object__table__V)
                  20009120    00000004     release_pem4f.oem4f (.data:ti_sysbios_knl_Task_Module_State_0_idleTask__A)
                  20009124    00000004     release_pem4f.oem4f (.data:ti_sysbios_rts_ti_ReentSupport_Module__state__V)
                  20009128    00000004     release_pem4f.oem4f (.data:xdc_runtime_Memory_Module__state__V)
                  2000912c    00000002     release_pem4f.oem4f (.data:ti_sysbios_family_arm_m3_Hwi_Module_State_0_excActive__A)
                  2000912e    00000001     buzzer.obj (.data)
                  2000912f    00000001     buzzer_thread.obj (.data)
                  20009130    00000001     drivers_msp432p401x.aem4f : Timer.oem4f (.data)
                  20009131    00000001                               : UART.oem4f (.data)

.priheap   0    20000140    00008000     UNINITIALIZED
                  20000140    00008000     --HOLE--

.stack     0    2000fc00    00000400     UNINITIALIZED
                  2000fc00    00000400     --HOLE--

.bootVecs 
*          0    00000000    00000008     DSECT
                  00000000    00000008     boot.aem4f : boot.oem4f (.bootVecs)

.resetVecs 
*          0    00000000    0000003c     
                  00000000    0000003c     release_pem4f.oem4f (.resetVecs)

.vecs      0    20000000    00000140     NOLOAD SECTION
                  20000000    00000140     release_pem4f.oem4f (.vecs)

xdc.meta   0    00000000    000000fd     COPY SECTION
                  00000000    000000fd     release_pem4f.oem4f (xdc.meta)

xdc.noload 
*          0    00000000    00000000     COPY SECTION

.binit     0    00000000    00000000     

MODULE SUMMARY

       Module                       code    ro data   rw data
       ------                       ----    -------   -------
    ./
       rxtx_uart.obj                618     22        2160   
       buzzer_thread.obj            1278    0         2      
       main_thread.obj              608     22        24     
       ultrasonic.obj               274     0         16     
       main_tirtos.obj              232     0         8      
       sensor_fusion.obj            196     0         20     
       buzzer.obj                   90      0         2      
       led.obj                      70      0         0      
       pir.obj                      32      0         0      
    +--+----------------------------+-------+---------+---------+
       Total:                       3398    44        2232   
                                                             
    ./syscfg/
       ti_drivers_config.obj        14      311       992    
    +--+----------------------------+-------+---------+---------+
       Total:                       14      311       992    
                                                             
    /home/dtcarrot/workspace_v9/tirtos_builds_MSP_EXP432P401R_release_ccs/Debug/configPkg/package/cfg/
       release_pem4f.oem4f          1578    1154      4364   
    +--+----------------------------+-------+---------+---------+
       Total:                       1578    1154      4364   
                                                             
    /home/dtcarrot/ti/ccs910/ccs/tools/compiler/ti-cgt-arm_18.12.2.LTS/lib/rtsv7M4_T_le_v4SPD16_eabi.lib
       fd_div_t2.asm.obj            310     0         0      
       memcpy_t2.asm.obj            156     0         0      
       memset_t2.asm.obj            122     0         0      
       fd_tos_t2.asm.obj            110     0         0      
       copy_decompress_lzss.c.obj   104     0         0      
       cpy_tbl.c.obj                76      0         0      
       strncpy.c.obj                54      0         0      
       i_tofd_t2.asm.obj            46      0         0      
       strncmp.c.obj                44      0         0      
       _lock.c.obj                  26      0         16     
       args_main.c.obj              24      0         0      
       copy_decompress_none.c.obj   14      0         0      
       copy_zero_init.c.obj         12      0         0      
       stkdepth_vars.c.obj          0       0         8      
    +--+----------------------------+-------+---------+---------+
       Total:                       1098    0         24     
                                                             
    /home/dtcarrot/ti/simplelink_msp432p4_sdk_3_30_00_13/kernel/tirtos/packages/ti/dpl/lib/dpl_msp432p401x.aem4f
       SemaphoreP_tirtos.oem4f      146     0         0      
       ClockP_tirtos.oem4f          114     0         8      
       PowerMSP432_tirtos.oem4f     122     0         0      
       HwiP_tirtos.oem4f            96      0         0      
    +--+----------------------------+-------+---------+---------+
       Total:                       478     0         8      
                                                             
    /home/dtcarrot/ti/simplelink_msp432p4_sdk_3_30_00_13/kernel/tirtos/packages/ti/targets/arm/rtsarm/lib/auto_init.aem4f
       auto_init.oem4f              160     0         0      
    +--+----------------------------+-------+---------+---------+
       Total:                       160     0         0      
                                                             
    /home/dtcarrot/ti/simplelink_msp432p4_sdk_3_30_00_13/kernel/tirtos/packages/ti/targets/arm/rtsarm/lib/boot.aem4f
       boot.oem4f                   88      0         0      
    +--+----------------------------+-------+---------+---------+
       Total:                       88      0         0      
                                                             
    /home/dtcarrot/ti/simplelink_msp432p4_sdk_3_30_00_13/source/ti/devices/msp432p4xx/driverlib/ccs/msp432p4xx_driverlib.lib
       pcm.o                        1770    0         0      
       cs.o                         704     0         16     
       uart.o                       284     0         0      
       sysctl_a.o                   64      0         0      
       rtc_c.o                      44      0         0      
       wdt_a.o                      36      0         0      
       cpu.o                        28      0         0      
       sysctl.o                     16      0         0      
    +--+----------------------------+-------+---------+---------+
       Total:                       2946    0         16     
                                                             
    /home/dtcarrot/ti/simplelink_msp432p4_sdk_3_30_00_13/source/ti/drivers/lib/drivers_msp432p401x.aem4f
       UARTMSP432.oem4f             3380    81        0      
       PowerMSP432.oem4f            2196    0         728    
       TimerMSP432.oem4f            1806    156       56     
       GPIOMSP432.oem4f             912     12        108    
       UART.oem4f                   176     36        2      
       RingBuf.oem4f                184     0         0      
       Timer.oem4f                  158     12        2      
       List.oem4f                   76      0         0      
    +--+----------------------------+-------+---------+---------+
       Total:                       8888    297       896    
                                                             
    /home/dtcarrot/workspace_v9/tirtos_builds_MSP_EXP432P401R_release_ccs/src/sysbios/sysbios.aem4f
       BIOS.obj                     8616    0         272    
       m3_Hwi_asm.obj               318     0         0      
       m3_TaskSupport_asm.obj       180     0         0      
       m3_Hwi_asm_switch.obj        118     0         0      
    +--+----------------------------+-------+---------+---------+
       Total:                       9232    0         272    
                                                             
       Stack:                       0       0         2048   
       Linker Generated:            0       632       0      
    +--+----------------------------+-------+---------+---------+
       Grand Total:                 27880   2438      10852  


LINKER GENERATED COPY TABLES

__TI_cinit_table @ 00007780 records: 2, size/record: 8, table size: 16
	.data: load addr=00007518, load size=00000254 bytes, run addr=20008aa0, run size=00000692 bytes, compression=lzss
	.bss: load addr=00007778, load size=00000008 bytes, run addr=20008140, run size=00000960 bytes, compression=zero_init


LINKER GENERATED HANDLER TABLE

__TI_handler_table @ 0000776c records: 3, size/record: 4, table size: 12
	index: 0, handler: __TI_decompress_lzss
	index: 1, handler: __TI_decompress_none
	index: 2, handler: __TI_zero_init


GLOBAL SYMBOLS: SORTED ALPHABETICALLY BY Name 

address   name                                                            
-------   ----                                                            
20009070  ALARM_STOP                                                      
20009078  ALERT                                                           
00006b3f  Board_init                                                      
00000527  Board_initHook                                                  
2000907c  CHANGE_TONE                                                     
20009080  CHANGE_TONE_ACK                                                 
00006b4b  CPU_cpsid                                                       
00006b57  CPU_cpsie                                                       
000019d5  CPU_wfi                                                         
0000626d  CS_setExternalClockSourceFrequency                              
000020c9  CS_startHFXTWithTimeout                                         
00002295  CS_startLFXTWithTimeout                                         
00006d35  ClockP_Params_init                                              
00004c0d  ClockP_create                                                   
00006b63  ClockP_delete                                                   
00001ded  ClockP_setTimeout                                               
000021ad  ClockP_start                                                    
0000252d  ClockP_stop                                                     
20008a8c  ClockP_tickPeriod                                               
000073a4  GPIOMSP432_config                                               
000058fd  GPIO_enableInt                                                  
000042cd  GPIO_hwiIntFxn                                                  
[...]
00006bad  _register_unlock                                                
00006bb9  __TI_zero_init                                                  
00006bc5  get_alert_sound                                                 
00006bd1  get_buzzer_tone                                                 
00006bdd  get_microseconds_count                                          
00006be9  get_microseconds_since_high_trigger                             
00006bf5  get_pir_trigger_status                                          
00006c01  get_time_since_last_alert                                       
00006c0d  get_ultrasonic_distance                                         
00006c19  is_uart_sent                                                    
00006c29  pthread_self                                                    
00006c35  read_ultrasonic_trigger_pin                                     
00006c41  reset_microseconds_since_high_trigger                           
00006c4d  reset_time_count                                                
00006c59  reset_ultrasonic_microseconds_count                             
00006c65  ti_sysbios_family_arm_m3_Hwi_Params__init__S                    
00006c65  ti_sysbios_hal_Hwi_HwiProxy_Params__init__S                     
00006c71  ti_sysbios_family_arm_m3_Hwi_disableFxn__E                      
00006c71  ti_sysbios_hal_Hwi_HwiProxy_disable__E                          
00006c81  ti_sysbios_family_arm_m3_TaskSupport_getStackAlignment__E       
00006c81  ti_sysbios_knl_Task_SupportProxy_getStackAlignment__E           
00006c91  ti_sysbios_family_arm_msp432_Timer_getMaxTicks__E               
00006ca1  ti_sysbios_gates_GateHwi_enter__E                               
00006cad  ti_sysbios_knl_Clock_Params__init__S                            
00006cb9  ti_sysbios_knl_Queue_Object__get__S                             
00006cc5  ti_sysbios_knl_Semaphore_Params__init__S                        
00006cd1  ti_sysbios_knl_Task_Params__init__S                             
00006ce1  ti_sysbios_knl_Task_self__E                                     
00006cf1  ti_sysbios_rts_ti_ReentSupport_taskRegHook__I                   
00006cfd  trigger_led1                                                    
00006d09  xdc_runtime_Gate_enterSystem__E                                 
00006d19  xdc_runtime_Memory_calloc__E                                    
00006d29  xdc_runtime_Startup_rtsDone__E                                  
00006d35  ClockP_Params_init                                              
00006d3f  Timer_start                                                     
00006d49  UART_read                                                       
00006d53  UART_writePolling                                               
00006d5d  xdc_runtime_Memory_HeapProxy_alloc__E                           
00006d67  xdc_runtime_Memory_HeapProxy_free__E                            
00006d71  SemaphoreP_Params_init                                          
00006d79  pthread_attr_setstacksize                                       
00006d89  ti_sysbios_family_arm_m3_Hwi_doSwiRestore__I                    
00006d91  ti_sysbios_family_arm_m3_Hwi_startup__E                         
00006d91  ti_sysbios_hal_Hwi_HwiProxy_startup__E                          
00006d91  ti_sysbios_hal_Hwi_startup__E                                   
00006da9  ti_sysbios_family_arm_m3_Hwi_doTaskRestore__I                   
00006db1  HwiP_restore                                                    
00006db1  ti_sysbios_family_arm_m3_Hwi_restoreFxn__E                      
00006db1  ti_sysbios_hal_Hwi_HwiProxy_restore__E                          
00006db9  ti_sysbios_gates_GateHwi_leave__E                               
00006dc1  ti_sysbios_heaps_HeapMem_isBlocking__E                          
00006dc9  ti_sysbios_knl_Clock_stop__E                                    
00006dd1  ti_sysbios_knl_Queue_Instance_init__E                           
00006dd9  ti_sysbios_knl_Swi_startup__E                                   
00006de1  xdc_runtime_System_Module_startup__E                            
00006de9  __aeabi_errno_addr                                              
00006df1  ti_sysbios_gates_GateHwi_query__E                               
00006df1  xdc_runtime_Main_Module_GateProxy_query__E                      
00006df1  xdc_runtime_System_Module_GateProxy_query__E                    
00006df9  ti_sysbios_BIOS_RtsGateProxy_query__E                           
00006df9  ti_sysbios_gates_GateMutex_query__E                             
00006df9  ti_sysbios_heaps_HeapMem_Module_GateProxy_query__E              
00006e01  ti_sysbios_knl_Clock_setTimeout__E                              
00006e09  ti_sysbios_knl_Task_startup__E                                  
00006e11  ti_sysbios_BIOS_linkedWithIncorrectBootLibrary__E               
00006e19  ti_sysbios_gates_GateHwi_Instance_init__E                       
00006e21  ti_sysbios_knl_Clock_logTick__E                                 
00006e29  xdc_runtime_SysCallback_defaultAbort                            
00006e31  xdc_runtime_SysCallback_defaultExit                             
00006e39  xdc_runtime_System_abortSpin__E                                 
00006e41  xdc_runtime_System_exitSpin__E                                  
00006f74  ti_sysbios_knl_Task_Object__PARAMS__C                           
00006fb0  PowerMSP432_config                                              
00006fe8  ti_sysbios_family_arm_m3_Hwi_Object__PARAMS__C                  
00007018  UARTMSP432_fxnTable                                             
00007040  ti_sysbios_heaps_HeapMem_Module__FXNS__C                        
00007068  UART_defaultParams                                              
0000708c  ti_sysbios_gates_GateHwi_Module__FXNS__C                        
000070b0  ti_sysbios_gates_GateMutex_Module__FXNS__C                      
000070d4  ti_sysbios_heaps_HeapMem_Object__PARAMS__C                      
000070f8  ti_sysbios_knl_Clock_Object__PARAMS__C                          
0000711c  ti_sysbios_knl_Semaphore_Object__PARAMS__C                      
00007140  xdc_runtime_Startup_sfxnTab__A                                  
00007164  TimerMSP432HWAttrs                                              
00007184  TimerMSP432_Timer32_fxnTable                                    
000071a4  TimerMSP432_Timer_A_fxnTable                                    
000071e4  ti_sysbios_family_arm_m3_Hwi_Object__DESC__C                    
00007204  ti_sysbios_gates_GateHwi_Object__DESC__C                        
00007224  ti_sysbios_gates_GateMutex_Object__DESC__C                      
00007244  ti_sysbios_heaps_HeapMem_Object__DESC__C                        
00007264  ti_sysbios_knl_Clock_Object__DESC__C                            
00007284  ti_sysbios_knl_Queue_Object__DESC__C                            
000072a4  ti_sysbios_knl_Semaphore_Object__DESC__C                        
000072c4  ti_sysbios_knl_Task_Object__DESC__C                             
000072e4  Timer_config                                                    
000072fc  UART_config                                                     
00007314  ti_sysbios_gates_GateHwi_Object__PARAMS__C                      
0000732c  ti_sysbios_gates_GateMutex_Object__PARAMS__C                    
00007344  ti_sysbios_knl_Queue_Object__PARAMS__C                          
0000735c  ti_sysbios_knl_Task_hooks__A                                    
0000738a  ti_sysbios_family_arm_m3_Hwi_Module__id__C                      
000073a2  ti_sysbios_family_arm_msp432_init_Boot_bypassHFXT__C            
000073a4  GPIOMSP432_config                                               
000073b8  xdc_runtime_Startup_sfxnRts__A                                  
000073ca  ti_sysbios_family_arm_msp432_init_Boot_bypassLFXT__C            
000073e4  xdc_runtime_Startup_firstFxns__A                                
000073f0  ti_sysbios_knl_Idle_funcList__A                                 
000073f8  ti_sysbios_knl_Idle_funcList__C                                 
00007400  ti_sysbios_knl_Task_hooks__C                                    
00007408  xdc_runtime_Startup_firstFxns__C                                
00007410  xdc_runtime_Startup_lastFxns__C                                 
00007429  xdc_runtime_Error_policy__C                                     
0000742e  ti_sysbios_family_arm_msp432_init_Boot_enableHFXT__C            
00007430  ti_sysbios_family_arm_m3_Hwi_E_alreadyDefined__C                
00007434  ti_sysbios_family_arm_m3_Hwi_E_badIntNum__C                     
00007438  ti_sysbios_family_arm_m3_Hwi_NUM_INTERRUPTS__C                  
0000743c  ti_sysbios_family_arm_m3_Hwi_Object__count__C                   
00007440  ti_sysbios_family_arm_m3_Hwi_ccr__C                             
00007444  ti_sysbios_family_arm_m3_Hwi_excHandlerFunc__C                  
00007448  ti_sysbios_family_arm_m3_Hwi_nullIsrFunc__C                     
0000744c  ti_sysbios_family_arm_m3_Hwi_priGroup__C                        
00007450  ti_sysbios_family_arm_m3_Hwi_swiDisable__C                      
00007454  ti_sysbios_family_arm_m3_Hwi_swiRestore__C                      
00007458  ti_sysbios_family_arm_m3_TaskSupport_stackAlignment__C          
0000745c  ti_sysbios_family_arm_msp432_Timer_numTimerDevices__C           
00007460  ti_sysbios_family_arm_msp432_Timer_startupNeeded__C             
00007464  ti_sysbios_gates_GateMutex_Instance_State_sem__O                
00007468  ti_sysbios_heaps_HeapMem_E_memory__C                            
0000746c  ti_sysbios_heaps_HeapMem_Module__gateObj__C                     
00007470  ti_sysbios_heaps_HeapMem_Object__count__C                       
00007474  ti_sysbios_heaps_HeapMem_primaryHeapBaseAddr__C                 
00007478  ti_sysbios_heaps_HeapMem_primaryHeapEndAddr__C                  
0000747c  ti_sysbios_heaps_HeapMem_reqAlign__C                            
00007480  ti_sysbios_knl_Clock_Module_State_clockQ__O                     
00007484  ti_sysbios_knl_Clock_tickPeriod__C                              
00007488  ti_sysbios_knl_Mailbox_Instance_State_freeQue__O                
0000748c  ti_sysbios_knl_Mailbox_Object__count__C                         
00007490  ti_sysbios_knl_Mailbox_maxTypeAlign__C                          
00007494  ti_sysbios_knl_Semaphore_Instance_State_pendQ__O                
00007498  ti_sysbios_knl_Swi_Object__count__C                             
0000749c  ti_sysbios_knl_Task_Module_State_inactiveQ__O                   
000074a0  ti_sysbios_knl_Task_Object__count__C                            
000074a4  ti_sysbios_knl_Task_Object__heap__C                             
000074a8  ti_sysbios_knl_Task_allBlockedFunc__C                           
000074ac  ti_sysbios_knl_Task_defaultStackHeap__C                         
000074b0  ti_sysbios_knl_Task_defaultStackSize__C                         
000074b4  ti_sysbios_knl_Task_numConstructedTasks__C                      
000074b8  xdc_runtime_Error_E_memory__C                                   
000074bc  xdc_runtime_Error_policyFxn__C                                  
000074c0  xdc_runtime_IGateProvider_Interface__BASE__C                    
000074c4  xdc_runtime_IHeap_Interface__BASE__C                            
000074c8  xdc_runtime_IModule_Interface__BASE__C                          
000074cc  xdc_runtime_Memory_defaultHeapInstance__C                       
000074d0  xdc_runtime_Startup_execImpl__C                                 
000074d4  xdc_runtime_Startup_maxPasses__C                                
000074d8  xdc_runtime_Startup_sfxnRts__C                                  
000074dc  xdc_runtime_Startup_sfxnTab__C                                  
000074e0  xdc_runtime_SysCallback_abortFxn__C                             
000074e4  xdc_runtime_SysCallback_exitFxn__C                              
000074e8  xdc_runtime_System_Module__gateObj__C                           
000074ec  xdc_runtime_System_abortFxn__C                                  
000074f0  xdc_runtime_System_exitFxn__C                                   
000074f4  xdc_runtime_System_maxAtexitHandlers__C                         
000074f8  xdc_runtime_Text_charTab__C                                     
000074fc  xdc_runtime_Text_nameEmpty__C                                   
00007500  xdc_runtime_Text_nameStatic__C                                  
00007504  xdc_runtime_Text_nameUnknown__C                                 
00007508  NVS_count                                                       
00007509  Timer_count                                                     
0000750a  UART_count                                                      
0000750b  xdc_runtime_Text_charTab__A                                     
0000750c  ti_sysbios_family_arm_msp432_init_Boot_enableLFXT__C            
0000750e  ti_sysbios_heaps_HeapMem_Module__id__C                          
00007510  xdc_runtime_Memory_Module__id__C                                
00007512  xdc_runtime_Text_charCnt__C                                     
00007514  xdc_runtime_Text_isLoaded__C                                    
00007518  __TI_static_base__                                              
0000776c  __TI_Handler_Table_Base                                         
00007778  __TI_Handler_Table_Limit                                        
00007780  __TI_CINIT_Base                                                 
00007790  __TI_CINIT_Limit                                                
00008000  HEAPSIZE                                                        
20000000  ti_sysbios_family_arm_m3_Hwi_ramVectors                         
20000140  __primary_heap_start__                                          
20008140  __primary_heap_end__                                            
20008140  rxData                                                          
20008540  ti_sysbios_knl_Task_Instance_State_0_stack__A                   
20008740  ti_sysbios_family_arm_m3_Hwi_dispatchTable                      
20008880  uartMSP432Objects                                               
20008980  timerMSP432Objects                                              
20008a18  uartParams                                                      
20008a8c  ClockP_tickPeriod                                               
20008a90  SEM_uart_rx                                                     
20008a94  retc                                                            
20008a98  ti_sysbios_knl_Task_Instance_State_0_hookEnv__A                 
20008a9c  uart                                                            
20008aa0  PowerMSP432_perfLevels                                          
20008c68  ti_sysbios_knl_Swi_Module_State_0_readyQ__A                     
20008ce8  ti_sysbios_knl_Task_Module_State_0_readyQ__A                    
20008d68  ti_sysbios_gates_GateMutex_Object__table__V                     
20008dbc  ti_sysbios_knl_Task_Object__table__V                            
20008e08  ti_sysbios_family_arm_msp432_Timer_Object__table__V             
20008e4c  ti_sysbios_knl_Task_Module__state__V                            
20008e90  ti_sysbios_family_arm_m3_Hwi_Module__state__V                   
20008ec4  ti_sysbios_knl_Swi_Object__table__V                             
20008ef4  PowerMSP432_module                                              
20008f20  ti_sysbios_knl_Clock_Module__state__V                           
20008f4c  gpioCallbackFunctions                                           
20008f70  gpioPinConfigs                                                  
20008f94  ti_sysbios_BIOS_Module__state__V                                
20008fb8  ti_sysbios_family_arm_msp432_Timer_Module_State_0_device__A     
20008fd8  xdc_runtime_Error_IgnoreBlock                                   
20008ff8  ti_sysbios_knl_Swi_Module__state__V                             
20009014  ti_sysbios_family_arm_m3_Hwi_Object__table__V                   
2000902c  ti_sysbios_heaps_HeapMem_Object__table__V                       
2000905c  ti_sysbios_family_arm_msp432_Timer_Module_State_0_handles__A    
2000906c  PEOPLE_DETECTED                                                 
20009070  ALARM_STOP                                                      
20009074  ULTRASONIC_READING                                              
20009078  ALERT                                                           
2000907c  CHANGE_TONE                                                     
20009080  CHANGE_TONE_ACK                                                 
20009084  ti_sysbios_family_arm_msp432_ClockFreqs_Module__state__V        
20009090  ti_sysbios_family_arm_msp432_Timer_Module__state__V             
2000909c  uart_sent                                                       
200090a0  time_since_last_alert                                           
200090a4  ULTRASONIC_DISTANCE_THRESHOLD                                   
200090a5  alert_sound                                                     
200090a8  _lock                                                           
200090ac  _unlock                                                         
200090b0  ti_sysbios_family_arm_m3_Hwi_Module__root__V                    
200090b8  ti_sysbios_gates_GateHwi_Module__root__V                        
200090c0  ti_sysbios_gates_GateMutex_Module__root__V                      
200090c8  ti_sysbios_heaps_HeapMem_Module__root__V                        
200090d0  ti_sysbios_knl_Clock_Module__root__V                            
200090d8  ti_sysbios_knl_Queue_Module__root__V                            
200090e0  ti_sysbios_knl_Semaphore_Module__root__V                        
200090e8  ti_sysbios_knl_Task_Module__root__V                             
200090f0  ultrasonic_distance                                             
200090f4  ultrasonic_microseconds_count                                   
200090f6  time_since_last_trigger                                         
200090f8  xdc_runtime_Startup_Module__state__V                            
20009100  xdc_runtime_System_Module_State_0_atexitHandlers__A             
20009108  xdc_runtime_System_Module__state__V                             
20009110  main_func_sp                                                    
20009114  ti_sysbios_family_arm_m3_Hwi_Module_State_0_excContext__A       
20009118  ti_sysbios_family_arm_m3_Hwi_Module_State_0_excStack__A         
2000911c  ti_sysbios_gates_GateHwi_Object__table__V                       
20009120  ti_sysbios_knl_Task_Module_State_0_idleTask__A                  
20009124  ti_sysbios_rts_ti_ReentSupport_Module__state__V                 
20009128  xdc_runtime_Memory_Module__state__V                             
2000912c  ti_sysbios_family_arm_m3_Hwi_Module_State_0_excActive__A        
2000912e  buzzer_tone                                                     
2000912f  remote_trigger                                                  
2000fc00  __stack                                                         
20010000  __STACK_END                                                     
4000480c  WDTCTL_SYM                                                      
e000e000  ti_sysbios_family_arm_m3_Hwi_nvic                               
ffffffff  __TI_pprof_out_hndl                                             
ffffffff  __TI_prof_data_size                                             
ffffffff  __TI_prof_data_start                                            
ffffffff  __binit__                                                       
ffffffff  __c_args__                                                      
ffffffff  binit                                                           
UNDEFED   SHT$$INIT_ARRAY$$Base                                           
UNDEFED   SHT$$INIT_ARRAY$$Limit                                          

[620 symbols]
