******************************************************************************
                  TI ARM Linker Unix v18.12.2                  
******************************************************************************
>> Linked Wed Nov 27 21:25:03 2019

OUTPUT FILE NAME:   <uartecho_MSP_EXP432P401R_tirtos_ccs.out>
ENTRY POINT SYMBOL: "_c_int00"  address: 000044e9


MEMORY CONFIGURATION

         name            origin    length      used     unused   attr    fill
----------------------  --------  ---------  --------  --------  ----  --------
  MAIN                  00000000   00040000  00007169  00038e97  R  X
  INFO                  00200000   00004000  00000000  00004000  R  X
  SRAM_CODE             01000000   00010000  00009192  00006e6e  RW X
  SRAM_DATA             20000000   00010000  00009192  00006e6e  RW  


SEGMENT ALLOCATION MAP

run origin  load origin   length   init length attrs members
----------  ----------- ---------- ----------- ----- -------
00000000    00000000    00007170   00007170    r-x
  00000000    00000000    0000003c   0000003c    r-- .resetVecs
  00000040    00000040    0000680a   0000680a    r-x .text
  0000684c    0000684c    000006bb   000006bb    r-- .const
  00006f08    00006f08    00000268   00000268    r-- .cinit
20000140    20000140    00008000   00000000    r--
  20000140    20000140    00008000   00000000    r-- .priheap
20008140    20008140    00000c58   00000000    rw-
  20008140    20008140    00000672   00000000    rw- .data
  200087b8    200087b8    000005e0   00000000    rw- .bss
2000fc00    2000fc00    00000400   00000000    rw-
  2000fc00    2000fc00    00000400   00000000    rw- .stack


SECTION ALLOCATION MAP

 output                                  attributes/
section   page    origin      length       input sections
--------  ----  ----------  ----------   ----------------
.text      0    00000040    0000680a     
                  00000040    000002f8     drivers_msp432p401x.aem4f : PowerMSP432.oem4f (.text:Power_sleep)
                  00000338    000002d0                               : UARTMSP432.oem4f (.text:UARTMSP432_open)
                  00000608    0000028a     msp432p4xx_driverlib.lib : pcm.o (.text:__PCM_setPowerStateAdvanced)
                  00000892    00000002     ti_drivers_config.obj (.text:Board_initHook)
                  00000894    00000288     drivers_msp432p401x.aem4f : PowerMSP432.oem4f (.text:initPerfControl)
                  00000b1c    000001e4     buzzerThread.obj (.text:buzzerThread)
                  00000d00    00000170     drivers_msp432p401x.aem4f : GPIOMSP432.oem4f (.text:GPIO_setConfig)
                  00000e70    0000015c     msp432p4xx_driverlib.lib : pcm.o (.text:__PCM_setPowerModeAdvanced)
                  00000fcc    0000014c     drivers_msp432p401x.aem4f : TimerMSP432.oem4f (.text:TimerMSP432_open)
                  00001118    00000136     rtsv7M4_T_le_v4SPD16_eabi.lib : fd_div_t2.asm.obj (.text)
                  0000124e    00000002     dpl_msp432p401x.aem4f : PowerMSP432_tirtos.oem4f (.text:PowerMSP432_initPolicy)
                  00001250    00000130     sysbios.aem4f : BIOS.obj (.text:ti_sysbios_knl_Semaphore_pend__E)
                  00001380    0000011c     msp432p4xx_driverlib.lib : uart.o (.text:UART_initModule)
                  0000149c    00000108                              : pcm.o (.text:__PCM_setCoreVoltageLevelAdvanced)
                  000015a4    00000004                              : cpu.o (.text:CPU_wfi)
                  000015a8    00000108     sysbios.aem4f : BIOS.obj (.text:ti_sysbios_knl_Task_postInit__I)
                  000016b0    00000108                   : BIOS.obj (.text:xdc_runtime_Startup_startMods__I)
                  000017b8    00000104                   : BIOS.obj (.text:ti_sysbios_knl_Task_Instance_finalize__E)
                  000018bc    00000100     ultrasonicThread.obj (.text:inspectCallback)
                  000019bc    00000004     dpl_msp432p401x.aem4f : ClockP_tirtos.oem4f (.text:ClockP_setTimeout)
                  000019c0    000000f8     sysbios.aem4f : BIOS.obj (.text:ti_sysbios_family_arm_msp432_init_Boot_configureClocksHigh)
                  00001ab8    000000f0                   : BIOS.obj (.text:pthread_create)
                  00001ba8    000000f0                   : m3_Hwi_asm.obj (.text:ti_sysbios_family_arm_m3_Hwi_dispatch__I)
                  00001c98    000000e4     msp432p4xx_driverlib.lib : cs.o (.text:CS_startHFXTWithTimeout)
                  00001d7c    00000004     dpl_msp432p401x.aem4f : ClockP_tirtos.oem4f (.text:ClockP_start)
                  00001d80    000000e4     sysbios.aem4f : BIOS.obj (.text:ti_sysbios_knl_Task_Instance_init__E)
                  00001e64    000000e0     msp432p4xx_driverlib.lib : cs.o (.text:CS_startLFXTWithTimeout)
                  00001f44    000000dc     drivers_msp432p401x.aem4f : UARTMSP432.oem4f (.text:UARTMSP432_readPolling)
                  00002020    000000dc     msp432p4xx_driverlib.lib : cs.o (.text:_CSGetHFXTFrequency)
                  000020fc    000000d8     ultrasonicThread.obj (.text:iteratorCallback)
                  000021d4    00000004     dpl_msp432p401x.aem4f : ClockP_tirtos.oem4f (.text:ClockP_stop)
                  000021d8    000000d0     sysbios.aem4f : BIOS.obj (.text:ti_sysbios_heaps_HeapMem_alloc__E)
                  000022a8    000000cc     rxtx_uart.obj (.text:init_uart)
                  00002374    000000c8     drivers_msp432p401x.aem4f : TimerMSP432.oem4f (.text:TimerMSP432_start)
                  0000243c    000000c0                               : UARTMSP432.oem4f (.text:UARTMSP432_hwiIntFxn)
                  000024fc    000000bc                               : TimerMSP432.oem4f (.text:TimerMSP432_setPeriod)
                  000025b8    000000b8                               : UARTMSP432.oem4f (.text:initHw)
                  00002670    000000b8                               : UARTMSP432.oem4f (.text:readTaskCallback)
                  00002728    000000b8     sysbios.aem4f : BIOS.obj (.text:ti_sysbios_family_arm_m3_Hwi_Instance_init__E)
                  000027e0    000000b4     drivers_msp432p401x.aem4f : UARTMSP432.oem4f (.text:UARTMSP432_control)
                  00002894    000000b4                               : UARTMSP432.oem4f (.text:UARTMSP432_writePolling)
                  00002948    000000ac                               : GPIOMSP432.oem4f (.text:GPIO_init)
                  000029f4    000000a8                               : UARTMSP432.oem4f (.text:readTaskBlocking)
                  00002a9c    00000004     dpl_msp432p401x.aem4f : HwiP_tirtos.oem4f (.text:HwiP_disable)
                  00002aa0    000000a8     sysbios.aem4f : BIOS.obj (.text:ti_sysbios_family_arm_msp432_Timer_periodicStub__E)
                  00002b48    000000a6                   : BIOS.obj (.text:xdc_runtime_Core_createObject__I)
                  00002bee    00000002     drivers_msp432p401x.aem4f : TimerMSP432.oem4f (.text:TimerMSP432_init)
                  00002bf0    000000a4                               : TimerMSP432.oem4f (.text:initTimerHardware)
                  00002c94    00000004     dpl_msp432p401x.aem4f : SemaphoreP_tirtos.oem4f (.text:SemaphoreP_post)
                  00002c98    000000a4     sysbios.aem4f : BIOS.obj (.text:ti_sysbios_knl_Task_setPri__E)
                  00002d3c    000000a0     drivers_msp432p401x.aem4f : UARTMSP432.oem4f (.text:UARTMSP432_write)
                  00002ddc    000000a0     auto_init.aem4f : auto_init.oem4f (.text)
                  00002e7c    000000a0     drivers_msp432p401x.aem4f : UARTMSP432.oem4f (.text:readIsrTextCallback)
                  00002f1c    0000009c                               : PowerMSP432.oem4f (.text:Power_init)
                  00002fb8    0000009c     rtsv7M4_T_le_v4SPD16_eabi.lib : memcpy_t2.asm.obj (.text)
                  00003054    0000009c     drivers_msp432p401x.aem4f : TimerMSP432.oem4f (.text:setT32TickCount)
                  000030f0    0000009c                               : TimerMSP432.oem4f (.text:setTATickCount)
                  0000318c    0000009c     ultrasonicThread.obj (.text:ultrasonicThread)
                  00003228    00000094     sysbios.aem4f : BIOS.obj (.text:_pthread_removeThreadKeys)
                  000032bc    00000004     release_pem4f.oem4f (.text:ti_sysbios_BIOS_RtsGateProxy_enter__E)
                  000032c0    00000094     sysbios.aem4f : BIOS.obj (.text:ti_sysbios_family_arm_m3_Hwi_initNVIC__E)
                  00003354    00000004     release_pem4f.oem4f (.text:ti_sysbios_BIOS_RtsGateProxy_leave__E)
                  00003358    00000094     sysbios.aem4f : BIOS.obj (.text:ti_sysbios_knl_Task_exit__E)
                  000033ec    00000092     drivers_msp432p401x.aem4f : UARTMSP432.oem4f (.text:UARTMSP432_close)
                  0000347e    00000092                               : UARTMSP432.oem4f (.text:writeData)
                  00003510    00000090     rxtx_uart.obj (.text:send_data)
                  000035a0    00000090     sysbios.aem4f : BIOS.obj (.text:ti_sysbios_knl_Task_Module_startup__E)
                  00003630    0000008c     drivers_msp432p401x.aem4f : TimerMSP432.oem4f (.text:TimerMSP432_stop)
                  000036bc    0000008c                               : UARTMSP432.oem4f (.text:readIsrTextBlocking)
                  00003748    0000008c     sysbios.aem4f : m3_TaskSupport_asm.obj (.text:ti_sysbios_family_arm_m3_TaskSupport_buildTaskStack)
                  000037d4    00000004     release_pem4f.oem4f (.text:ti_sysbios_family_arm_m3_Hwi_delete)
                  000037d8    0000008c     sysbios.aem4f : BIOS.obj (.text:xdc_runtime_Memory_alloc__E)
                  00003864    00000004     release_pem4f.oem4f (.text:ti_sysbios_family_arm_m3_TaskSupport_Module__startupDone__S)
                  00003868    00000086     sysbios.aem4f : BIOS.obj (.text:xdc_runtime_Core_constructObject__I)
                  000038ee    00000002     drivers_msp432p401x.aem4f : UARTMSP432.oem4f (.text:UARTMSP432_init)
                  000038f0    00000084     msp432p4xx_driverlib.lib : pcm.o (.text:PCM_gotoLPM3)
                  00003974    00000084     drivers_msp432p401x.aem4f : PowerMSP432.oem4f (.text:restartHFXT)
                  000039f8    00000084     sysbios.aem4f : BIOS.obj (.text:ti_sysbios_family_arm_m3_Hwi_postInit__I)
                  00003a7c    00000004     release_pem4f.oem4f (.text:ti_sysbios_heaps_HeapMem_Module_GateProxy_enter__E)
                  00003a80    00000084     sysbios.aem4f : BIOS.obj (.text:ti_sysbios_heaps_HeapMem_free__E)
                  00003b04    00000004     release_pem4f.oem4f (.text:ti_sysbios_heaps_HeapMem_Module_GateProxy_leave__E)
                  00003b08    00000080     sysbios.aem4f : BIOS.obj (.text:ti_sysbios_knl_Clock_workFunc__E)
                  00003b88    0000007c     main_tirtos.obj (.text:main)
                  00003c04    0000007a     rtsv7M4_T_le_v4SPD16_eabi.lib : memset_t2.asm.obj (.text)
                  00003c7e    00000002                                   : _lock.c.obj (.text:_nop)
                  00003c80    00000078     drivers_msp432p401x.aem4f : TimerMSP432.oem4f (.text:TimerMSP432_allocateTimerResource)
                  00003cf8    00000074     ultrasonicThread.obj (.text:create_buzzer_thread)
                  00003d6c    00000004     release_pem4f.oem4f (.text:ti_sysbios_knl_Clock_TimerProxy_getMaxTicks__E)
                  00003d70    00000070     sysbios.aem4f : BIOS.obj (.text:ti_sysbios_heaps_HeapMem_initPrimary__I)
                  00003de0    0000006e     rtsv7M4_T_le_v4SPD16_eabi.lib : fd_tos_t2.asm.obj (.text)
                  00003e4e    00000002     release_pem4f.oem4f (.text:ti_sysbios_BIOS_nullFunc__I)
                  00003e50    0000006c     sysbios.aem4f : BIOS.obj (.text:ti_sysbios_knl_Swi_restoreHwi__E)
                  00003ebc    00000068     drivers_msp432p401x.aem4f : GPIOMSP432.oem4f (.text:GPIO_hwiIntFxn)
                  00003f24    00000068                               : PowerMSP432.oem4f (.text:PowerMSP432_getFreqs)
                  00003f8c    00000068                               : UARTMSP432.oem4f (.text:UARTMSP432_writeCancel)
                  00003ff4    00000068     rtsv7M4_T_le_v4SPD16_eabi.lib : copy_decompress_lzss.c.obj (.text:decompress:lzss:__TI_decompress_lzss)
                  0000405c    00000004     release_pem4f.oem4f (.text:ti_sysbios_knl_Clock_delete)
                  00004060    00000066     sysbios.aem4f : BIOS.obj (.text:xdc_runtime_Core_deleteObject__I)
                  000040c6    00000002     --HOLE-- [fill = 0]
                  000040c8    00000064                   : BIOS.obj (.text:pthread_exit)
                  0000412c    00000004     release_pem4f.oem4f (.text:ti_sysbios_knl_Semaphore_delete)
                  00004130    00000064     sysbios.aem4f : BIOS.obj (.text:ti_sysbios_family_arm_m3_Hwi_dispatchC__I)
                  00004194    00000060     drivers_msp432p401x.aem4f : GPIOMSP432.oem4f (.text:GPIO_setCallback)
                  000041f4    00000004     release_pem4f.oem4f (.text:ti_sysbios_knl_Task_delete)
                  000041f8    00000060     sysbios.aem4f : BIOS.obj (.text:ti_sysbios_knl_Semaphore_post__E)
                  00004258    00000060                   : BIOS.obj (.text:ti_sysbios_knl_Swi_run__I)
                  000042b8    0000005e     msp432p4xx_driverlib.lib : pcm.o (.text:PCM_getCoreVoltageLevel)
                  00004316    00000002     --HOLE-- [fill = 0]
                  00004318    0000005c     sysbios.aem4f : BIOS.obj (.text:ti_sysbios_knl_Swi_schedule__I)
                  00004374    00000004     release_pem4f.oem4f (.text:xdc_runtime_System_Module_GateProxy_enter__E)
                  00004378    0000005c     sysbios.aem4f : BIOS.obj (.text:ti_sysbios_knl_Task_startCore__E)
                  000043d4    00000004     release_pem4f.oem4f (.text:xdc_runtime_System_Module_GateProxy_leave__E)
                  000043d8    0000005c     sysbios.aem4f : BIOS.obj (.text:xdc_runtime_Startup_exec__E)
                  00004434    0000005a     msp432p4xx_driverlib.lib : pcm.o (.text:PCM_getPowerMode)
                  0000448e    00000002     --HOLE-- [fill = 0]
                  00004490    00000058     drivers_msp432p401x.aem4f : GPIOMSP432.oem4f (.text:GPIO_write)
                  000044e8    00000058     boot.aem4f : boot.oem4f (.text)
                  00004540    00000058     drivers_msp432p401x.aem4f : UARTMSP432.oem4f (.text:readIsrBinaryBlocking)
                  00004598    00000058     sysbios.aem4f : m3_Hwi_asm_switch.obj (.text:ti_sysbios_family_arm_m3_Hwi_initStacks__E)
                  000045f0    00000054     msp432p4xx_driverlib.lib : pcm.o (.text:PCM_shutdownDevice)
                  00004644    00000054     drivers_msp432p401x.aem4f : TimerMSP432.oem4f (.text:TimerMSP432_freeTimerResource)
                  00004698    00000054     release_pem4f.oem4f (.text:ti_sysbios_family_arm_m3_Hwi_create)
                  000046ec    00000004     --HOLE-- [fill = 0]
                  000046f0    00000054     sysbios.aem4f : BIOS.obj (.text:ti_sysbios_family_arm_msp432_Timer_initDevice__I)
                  00004744    00000004     --HOLE-- [fill = 0]
                  00004748    00000054                   : BIOS.obj (.text:xdc_runtime_Core_assignLabel__I)
                  0000479c    00000050     dpl_msp432p401x.aem4f : ClockP_tirtos.oem4f (.text:ClockP_create)
                  000047ec    00000050     drivers_msp432p401x.aem4f : TimerMSP432.oem4f (.text:TimerMSP432_hwiIntFunction)
                  0000483c    00000004     --HOLE-- [fill = 0]
                  00004840    00000050     sysbios.aem4f : BIOS.obj (.text:ti_sysbios_family_arm_m3_Hwi_Module_startup__E)
                  00004890    00000050     release_pem4f.oem4f (.text:ti_sysbios_knl_Task_create)
                  000048e0    0000004e     drivers_msp432p401x.aem4f : TimerMSP432.oem4f (.text:TimerMSP432_close)
                  0000492e    00000002     --HOLE-- [fill = 0]
                  00004930    0000004c     dpl_msp432p401x.aem4f : PowerMSP432_tirtos.oem4f (.text:PowerMSP432_sleepPolicy)
                  0000497c    0000004c     rtsv7M4_T_le_v4SPD16_eabi.lib : cpy_tbl.c.obj (.text:copy_in)
                  000049c8    0000004c     drivers_msp432p401x.aem4f : UARTMSP432.oem4f (.text:readIsrBinaryCallback)
                  00004a14    00000004     --HOLE-- [fill = 0]
                  00004a18    0000004c     sysbios.aem4f : BIOS.obj (.text:ti_sysbios_family_arm_msp432_Timer_postInit__I)
                  00004a64    00000004     --HOLE-- [fill = 0]
                  00004a68    0000004c                   : BIOS.obj (.text:ti_sysbios_family_arm_msp432_Timer_start__E)
                  00004ab4    00000004     --HOLE-- [fill = 0]
                  00004ab8    0000004c                   : BIOS.obj (.text:ti_sysbios_heaps_HeapMem_getStats__E)
                  00004b04    00000004     --HOLE-- [fill = 0]
                  00004b08    0000004c                   : BIOS.obj (.text:ti_sysbios_knl_Swi_runLoop__I)
                  00004b54    00000004     --HOLE-- [fill = 0]
                  00004b58    0000004c                   : BIOS.obj (.text:ti_sysbios_knl_Task_allBlockedFunction__I)
                  00004ba4    00000004     --HOLE-- [fill = 0]
                  00004ba8    0000004c                   : BIOS.obj (.text:ti_sysbios_knl_Task_schedule__I)
                  00004bf4    00000048     drivers_msp432p401x.aem4f : PowerMSP432.oem4f (.text:Power_releaseConstraint)
                  00004c3c    00000004     --HOLE-- [fill = 0]
                  00004c40    00000048     sysbios.aem4f : BIOS.obj (.text:ti_sysbios_family_arm_m3_Hwi_disableInterrupt__E)
                  00004c88    00000048                   : BIOS.obj (.text:ti_sysbios_family_arm_m3_Hwi_enableInterrupt__E)
                  00004cd0    00000048                   : BIOS.obj (.text:ti_sysbios_knl_Mailbox_Module_startup__E)
                  00004d18    00000048                   : BIOS.obj (.text:xdc_runtime_Core_assignParams__I)
                  00004d60    00000046     drivers_msp432p401x.aem4f : RingBuf.oem4f (.text:RingBuf_put)
                  00004da6    00000002     --HOLE-- [fill = 0]
                  00004da8    00000044                               : Timer.oem4f (.text:Timer_init)
                  00004dec    00000044                               : UART.oem4f (.text:UART_init)
                  00004e30    00000044     sysbios.aem4f : BIOS.obj (.text:ti_sysbios_family_arm_m3_Hwi_getStackInfo__E)
                  00004e74    00000004     --HOLE-- [fill = 0]
                  00004e78    00000044                   : BIOS.obj (.text:ti_sysbios_knl_Swi_post__E)
                  00004ebc    00000040     dpl_msp432p401x.aem4f : HwiP_tirtos.oem4f (.text:HwiP_create)
                  00004efc    00000040     drivers_msp432p401x.aem4f : RingBuf.oem4f (.text:RingBuf_get)
                  00004f3c    00000040                               : Timer.oem4f (.text:Timer_open)
                  00004f7c    00000040                               : UARTMSP432.oem4f (.text:UARTMSP432_read)
                  00004fbc    00000040                               : UART.oem4f (.text:UART_open)
                  00004ffc    00000040                               : UARTMSP432.oem4f (.text:perfChangeNotifyFxn)
                  0000503c    00000040     sensor_fusion.obj (.text:sensor_fusion_check)
                  0000507c    00000004     --HOLE-- [fill = 0]
                  00005080    00000040     sysbios.aem4f : BIOS.obj (.text:ti_sysbios_family_arm_msp432_Timer_Module_startup__E)
                  000050c0    00000040                   : BIOS.obj (.text:ti_sysbios_family_arm_msp432_Timer_startup__E)
                  00005100    00000040                   : BIOS.obj (.text:ti_sysbios_heaps_HeapMem_Instance_init__E)
                  00005140    00000040                   : BIOS.obj (.text:ti_sysbios_knl_Clock_Instance_init__E)
                  00005180    0000003c     dpl_msp432p401x.aem4f : SemaphoreP_tirtos.oem4f (.text:SemaphoreP_create)
                  000051bc    00000004     --HOLE-- [fill = 0]
                  000051c0    0000003c     sysbios.aem4f : BIOS.obj (.text:ti_sysbios_family_arm_m3_Hwi_Instance_finalize__E)
                  000051fc    00000004     --HOLE-- [fill = 0]
                  00005200    0000003c                   : BIOS.obj (.text:ti_sysbios_family_arm_msp432_Seconds_Module_startup__E)
                  0000523c    0000003c     release_pem4f.oem4f (.text:ti_sysbios_knl_Clock_create)
                  00005278    0000003c     sysbios.aem4f : BIOS.obj (.text:ti_sysbios_knl_Swi_restore__E)
                  000052b4    00000038     drivers_msp432p401x.aem4f : PowerMSP432.oem4f (.text:Power_setConstraint)
                  000052ec    00000038                               : TimerMSP432.oem4f (.text:TimerMSP432_getCount)
                  00005324    00000038                               : PowerMSP432.oem4f (.text:notify)
                  0000535c    00000004     --HOLE-- [fill = 0]
                  00005360    00000038     sysbios.aem4f : BIOS.obj (.text:xdc_runtime_System_atexit__E)
                  00005398    00000036     drivers_msp432p401x.aem4f : UARTMSP432.oem4f (.text:UARTMSP432_readCancel)
                  000053ce    00000036     rtsv7M4_T_le_v4SPD16_eabi.lib : strncpy.c.obj (.text:strncpy)
                  00005404    00000034     drivers_msp432p401x.aem4f : GPIOMSP432.oem4f (.text:GPIO_enableInt)
                  00005438    00000034     release_pem4f.oem4f (.text:ti_sysbios_knl_Semaphore_create)
                  0000546c    00000004     --HOLE-- [fill = 0]
                  00005470    00000032     sysbios.aem4f : BIOS.obj (.text:ti_sysbios_hal_Hwi_initStack)
                  000054a2    00000002     --HOLE-- [fill = 0]
                  000054a4    00000030     drivers_msp432p401x.aem4f : UARTMSP432.oem4f (.text:mapPin)
                  000054d4    00000030     release_pem4f.oem4f (.text:ti_sysbios_BIOS_atExitFunc__I)
                  00005504    00000030     release_pem4f.oem4f (.text:ti_sysbios_BIOS_startFunc__I)
                  00005534    00000004     --HOLE-- [fill = 0]
                  00005538    00000030     sysbios.aem4f : BIOS.obj (.text:ti_sysbios_family_arm_m3_TaskSupport_start__E)
                  00005568    00000030     release_pem4f.oem4f (.text:ti_sysbios_gates_GateHwi_Object__create__S)
                  00005598    00000030     release_pem4f.oem4f (.text:ti_sysbios_gates_GateMutex_Object__create__S)
                  000055c8    00000030     sysbios.aem4f : BIOS.obj (.text:ti_sysbios_gates_GateMutex_enter__E)
                  000055f8    00000030     release_pem4f.oem4f (.text:ti_sysbios_heaps_HeapMem_Object__create__S)
                  00005628    00000030     sysbios.aem4f : BIOS.obj (.text:ti_sysbios_knl_Mailbox_postInit__I)
                  00005658    00000030     release_pem4f.oem4f (.text:ti_sysbios_knl_Semaphore_construct)
                  00005688    00000030     sysbios.aem4f : BIOS.obj (.text:ti_sysbios_knl_Semaphore_pendTimeout__I)
                  000056b8    00000030                   : BIOS.obj (.text:ti_sysbios_knl_Task_processVitalTaskFlag__I)
                  000056e8    00000030                   : BIOS.obj (.text:ti_sysbios_knl_Task_restore__E)
                  00005718    00000030                   : BIOS.obj (.text:ti_sysbios_knl_Task_unblockI__E)
                  00005748    00000030                   : BIOS.obj (.text:xdc_runtime_System_processAtExit__E)
                  00005778    0000002e     rtsv7M4_T_le_v4SPD16_eabi.lib : i_tofd_t2.asm.obj (.text)
                  000057a6    0000002e     release_pem4f.oem4f (.text:ti_sysbios_rts_MemAlloc_alloc)
                  000057d4    0000002c     dpl_msp432p401x.aem4f : PowerMSP432_tirtos.oem4f (.text:PowerMSP432_updateFreqs)
                  00005800    0000002c     msp432p4xx_driverlib.lib : rtc_c.o (.text:RTC_C_holdClock)
                  0000582c    0000002c     dpl_msp432p401x.aem4f : SemaphoreP_tirtos.oem4f (.text:SemaphoreP_createBinary)
                  00005858    0000002c     sysbios.aem4f : BIOS.obj (.text:_pthread_cleanupFxn)
                  00005884    00000004     --HOLE-- [fill = 0]
                  00005888    0000002c                   : BIOS.obj (.text:_pthread_delete$43)
                  000058b4    0000002c     ultrasonic.obj (.text:compute_distance)
                  000058e0    0000002c     drivers_msp432p401x.aem4f : TimerMSP432.oem4f (.text:perfChangeNotifyFxn)
                  0000590c    0000002c     rtsv7M4_T_le_v4SPD16_eabi.lib : strncmp.c.obj (.text:strncmp)
                  00005938    0000002c     release_pem4f.oem4f (.text:ti_sysbios_knl_Clock_doTick__I)
                  00005964    0000002c     release_pem4f.oem4f (.text:ti_sysbios_knl_Queue_construct)
                  00005990    00000028     msp432p4xx_driverlib.lib : pcm.o (.text:PCM_gotoLPM0)
                  000059b8    00000028     drivers_msp432p401x.aem4f : PowerMSP432.oem4f (.text:Power_registerNotify)
                  000059e0    00000028                               : PowerMSP432.oem4f (.text:disableFaultCounter)
                  00005a08    00000028                               : PowerMSP432.oem4f (.text:disableHFXT)
                  00005a30    00000028                               : UARTMSP432.oem4f (.text:findBaudDividerIndex)
                  00005a58    00000028     ultrasonic.obj (.text:init_ultrasonic_gpio)
                  00005a80    00000028     sysbios.aem4f : m3_Hwi_asm.obj (.text:ti_sysbios_family_arm_m3_Hwi_excHandlerAsm__I)
                  00005aa8    00000028                   : BIOS.obj (.text:ti_sysbios_knl_Clock_addI__E)
                  00005ad0    00000028                   : BIOS.obj (.text:ti_sysbios_knl_Swi_Module_startup__E)
                  00005af8    00000026     drivers_msp432p401x.aem4f : List.oem4f (.text:List_put)
                  00005b1e    00000026                               : List.oem4f (.text:List_remove)
                  00005b44    00000026     sysbios.aem4f : m3_Hwi_asm.obj (.text:ti_sysbios_family_arm_m3_Hwi_pendSV__I)
                  00005b6a    00000002     --HOLE-- [fill = 0]
                  00005b6c    00000024     msp432p4xx_driverlib.lib : wdt_a.o (.text:WDT_A_holdTimer)
                  00005b90    00000024     sysbios.aem4f : BIOS.obj (.text:pthread_attr_init)
                  00005bb4    00000024     release_pem4f.oem4f (.text:ti_sysbios_BIOS_registerRTSLock__I)
                  00005bd8    00000024     release_pem4f.oem4f (.text:ti_sysbios_BIOS_removeRTSLock__I)
                  00005bfc    00000004     --HOLE-- [fill = 0]
                  00005c00    00000024     sysbios.aem4f : BIOS.obj (.text:ti_sysbios_family_arm_msp432_ClockFreqs_setFrequency__E)
                  00005c24    00000024     release_pem4f.oem4f (.text:ti_sysbios_gates_GateMutex_Object__delete__S)
                  00005c48    00000024     sysbios.aem4f : BIOS.obj (.text:ti_sysbios_knl_Clock_Module_startup__E)
                  00005c6c    00000024     release_pem4f.oem4f (.text:ti_sysbios_knl_Clock_Object__delete__S)
                  00005c90    00000024     sysbios.aem4f : BIOS.obj (.text:ti_sysbios_knl_Clock_start__E)
                  00005cb4    00000004     --HOLE-- [fill = 0]
                  00005cb8    00000024                   : BIOS.obj (.text:ti_sysbios_knl_Semaphore_Instance_init__E)
                  00005cdc    00000024     release_pem4f.oem4f (.text:ti_sysbios_knl_Semaphore_Object__delete__S)
                  00005d00    00000024     sysbios.aem4f : BIOS.obj (.text:ti_sysbios_knl_Task_restoreHwi__E)
                  00005d24    00000004     --HOLE-- [fill = 0]
                  00005d28    00000024                   : BIOS.obj (.text:xdc_runtime_Error_policyMin__E)
                  00005d4c    00000020     msp432p4xx_driverlib.lib : cs.o (.text:CS_setExternalClockSourceFrequency)
                  00005d6c    00000020     drivers_msp432p401x.aem4f : GPIOMSP432.oem4f (.text:GPIO_read)
                  00005d8c    00000020                               : PowerMSP432.oem4f (.text:Power_unregisterNotify)
                  00005dac    00000020                               : RingBuf.oem4f (.text:RingBuf_peek)
                  00005dcc    00000020     release_pem4f.oem4f (.text:ti_sysbios_BIOS_rtsLock__I)
                  00005dec    00000020     release_pem4f.oem4f (.text:ti_sysbios_family_arm_m3_Hwi_Object__delete__S)
                  00005e0c    00000020     release_pem4f.oem4f (.text:ti_sysbios_gates_GateHwi_Object__delete__S)
                  00005e2c    00000020     release_pem4f.oem4f (.text:ti_sysbios_heaps_HeapMem_Object__delete__S)
                  00005e4c    00000004     --HOLE-- [fill = 0]
                  00005e50    00000020     sysbios.aem4f : BIOS.obj (.text:ti_sysbios_knl_Idle_run__E)
                  00005e70    00000020     release_pem4f.oem4f (.text:ti_sysbios_knl_Semaphore_destruct)
                  00005e90    00000020     release_pem4f.oem4f (.text:ti_sysbios_knl_Task_Object__delete__S)
                  00005eb0    0000001e     sysbios.aem4f : m3_Hwi_asm_switch.obj (.text:ti_sysbios_family_xxx_Hwi_switchAndRunFunc)
                  00005ece    00000002     --HOLE-- [fill = 0]
                  00005ed0    0000001c     ultrasonic.obj (.text:inc_microseconds_since_high_trigger)
                  00005eec    0000001c     ultrasonic.obj (.text:inc_ultrasonic_microseconds_count)
                  00005f08    0000001c     buzzer.obj (.text:init_buzzer_gpio)
                  00005f24    00000004     --HOLE-- [fill = 0]
                  00005f28    0000001c     sysbios.aem4f : BIOS.obj (.text:ti_sysbios_family_arm_m3_Hwi_excHandler__I)
                  00005f44    00000004     --HOLE-- [fill = 0]
                  00005f48    0000001c                   : BIOS.obj (.text:ti_sysbios_gates_GateMutex_Instance_init__E)
                  00005f64    00000004     --HOLE-- [fill = 0]
                  00005f68    0000001c                   : BIOS.obj (.text:ti_sysbios_knl_Clock_Instance_finalize__E)
                  00005f84    0000001c     release_pem4f.oem4f (.text:ti_sysbios_knl_Queue_destruct)
                  00005fa0    0000001c     sysbios.aem4f : BIOS.obj (.text:ti_sysbios_knl_Queue_put__E)
                  00005fbc    00000004     --HOLE-- [fill = 0]
                  00005fc0    0000001c                   : BIOS.obj (.text:ti_sysbios_knl_Task_enter__I)
                  00005fdc    00000004     --HOLE-- [fill = 0]
                  00005fe0    0000001c                   : BIOS.obj (.text:xdc_runtime_Memory_valloc__E)
                  00005ffc    00000004     --HOLE-- [fill = 0]
                  00006000    0000001c                   : BIOS.obj (.text:xdc_runtime_System_abort__E)
                  0000601c    0000001a     release_pem4f.oem4f (.text:free)
                  00006036    00000002     --HOLE-- [fill = 0]
                  00006038    00000018     release_pem4f.oem4f (.text:.bootCodeSection:ti_sysbios_family_arm_msp432_init_Boot_init__I)
                  00006050    00000018     msp432p4xx_driverlib.lib : sysctl_a.o (.text:SysCtl_A_disableNMISource)
                  00006068    00000018                              : sysctl_a.o (.text:SysCtl_A_enableNMISource)
                  00006080    00000018     drivers_msp432p401x.aem4f : UART.oem4f (.text:UART_Params_init)
                  00006098    00000018     rtsv7M4_T_le_v4SPD16_eabi.lib : args_main.c.obj (.text:_args_main)
                  000060b0    00000018     sensor_fusion.obj (.text:inc_time_since_last_alert)
                  000060c8    00000018     sensor_fusion.obj (.text:set_uart_sent)
                  000060e0    00000018     ultrasonic.obj (.text:set_ultrasonic_distance)
                  000060f8    00000018     release_pem4f.oem4f (.text:ti_sysbios_BIOS_rtsUnlock__I)
                  00006110    00000018     release_pem4f.oem4f (.text:ti_sysbios_family_arm_m3_Hwi_Module__startupDone__F)
                  00006128    00000018     sysbios.aem4f : m3_TaskSupport_asm.obj (.text:ti_sysbios_family_arm_m3_TaskSupport_swap__E)
                  00006140    00000018     release_pem4f.oem4f (.text:ti_sysbios_family_arm_msp432_Timer_Module__startupDone__F)
                  00006158    00000018     release_pem4f.oem4f (.text:ti_sysbios_gates_GateHwi_Handle__label__S)
                  00006170    00000018     release_pem4f.oem4f (.text:ti_sysbios_gates_GateMutex_Handle__label__S)
                  00006188    00000018     sysbios.aem4f : BIOS.obj (.text:ti_sysbios_gates_GateMutex_leave__E)
                  000061a0    00000018     release_pem4f.oem4f (.text:ti_sysbios_heaps_HeapMem_Handle__label__S)
                  000061b8    00000018     sysbios.aem4f : BIOS.obj (.text:xdc_runtime_Error_init__E)
                  000061d0    00000018                   : BIOS.obj (.text:xdc_runtime_System_exit__E)
                  000061e8    00000016     release_pem4f.oem4f (.text:ti_sysbios_BIOS_exitFunc__I)
                  000061fe    00000016     rxtx_uart.obj (.text:ti_sysbios_knl_Semaphore_Params_init)
                  00006214    00000004     --HOLE-- [fill = 0]
                  00006218    00000016     sysbios.aem4f : BIOS.obj (.text:ti_sysbios_knl_Task_unblock__E)
                  0000622e    00000002     --HOLE-- [fill = 0]
                  00006230    00000014     msp432p4xx_driverlib.lib : pcm.o (.text:PCM_getPowerState)
                  00006244    00000014     drivers_msp432p401x.aem4f : PowerMSP432.oem4f (.text:Power_idleFunc)
                  00006258    00000014                               : UARTMSP432.oem4f (.text:clearTXCPTIFG)
                  0000626c    00000014     pir.obj (.text:init_pir_gpio)
                  00006280    00000014     sysbios.aem4f : BIOS.obj (.text:pthread_attr_setschedparam)
                  00006294    00000014     rtsv7M4_T_le_v4SPD16_eabi.lib : strcpy.c.obj (.text:strcpy)
                  000062a8    00000014     release_pem4f.oem4f (.text:ti_sysbios_family_arm_m3_Hwi_Object__get__S)
                  000062bc    00000004     --HOLE-- [fill = 0]
                  000062c0    00000014     sysbios.aem4f : BIOS.obj (.text:ti_sysbios_family_arm_m3_Hwi_switchFromBootStack__E)
                  000062d4    00000014     release_pem4f.oem4f (.text:ti_sysbios_heaps_HeapMem_Object__get__S)
                  000062e8    00000014     release_pem4f.oem4f (.text:ti_sysbios_knl_Swi_Object__get__S)
                  000062fc    00000014     ultrasonic.obj (.text:ultrasonic_echo_interrupt)
                  00006310    00000012     drivers_msp432p401x.aem4f : RingBuf.oem4f (.text:RingBuf_construct)
                  00006322    00000012     dpl_msp432p401x.aem4f : SemaphoreP_tirtos.oem4f (.text:SemaphoreP_pend)
                  00006334    00000004     --HOLE-- [fill = 0]
                  00006338    00000012     sysbios.aem4f : BIOS.obj (.text:_pthread_cleanup_pop)
                  0000634a    00000006     drivers_msp432p401x.aem4f : TimerMSP432.oem4f (.text:TimerMSP432_control)
                  00006350    00000012     sysbios.aem4f : BIOS.obj (.text:_pthread_runStub$43)
                  00006362    00000006     --HOLE-- [fill = 0]
                  00006368    00000012                   : BIOS.obj (.text:ti_sysbios_hal_Hwi_Module_startup__E)
                  0000637a    00000012     buzzer.obj (.text:trigger_buzzer)
                  0000638c    00000012     ultrasonic.obj (.text:trigger_ultrasonic_pin)
                  0000639e    00000012     release_pem4f.oem4f (.text:xdc_runtime_Startup_exec__I)
                  000063b0    00000010     dpl_msp432p401x.aem4f : HwiP_tirtos.oem4f (.text:HwiP_Params_init)
                  000063c0    00000010     msp432p4xx_driverlib.lib : pcm.o (.text:PCM_gotoLPM4)
                  000063d0    00000010                              : pcm.o (.text:PCM_setPowerMode)
                  000063e0    00000010                              : pcm.o (.text:PCM_setPowerState)
                  000063f0    00000010     drivers_msp432p401x.aem4f : PowerMSP432.oem4f (.text:PowerMSP432_getNumPerfLevels)
                  00006400    00000010     msp432p4xx_driverlib.lib : sysctl_a.o (.text:SysCtl_A_getNMISourceStatus)
                  00006410    00000010                              : sysctl.o (.text:SysCtl_getNMISourceStatus)
                  00006420    00000010     drivers_msp432p401x.aem4f : Timer.oem4f (.text:Timer_Params_init)
                  00006430    00000010                               : UARTMSP432.oem4f (.text:readBlockingTimeout)
                  00006440    00000010     sysbios.aem4f : BIOS.obj (.text:ti_sysbios_BIOS_exit__E)
                  00006450    00000010                   : BIOS.obj (.text:ti_sysbios_BIOS_setCpuFreq__E)
                  00006460    00000010                   : BIOS.obj (.text:ti_sysbios_BIOS_setThreadType__E)
                  00006470    00000010                   : BIOS.obj (.text:ti_sysbios_BIOS_start__E)
                  00006480    00000010                   : m3_TaskSupport_asm.obj (.text:ti_sysbios_family_arm_m3_TaskSupport_glue)
                  00006490    00000010                   : BIOS.obj (.text:ti_sysbios_family_arm_msp432_init_Boot_disableWatchdog)
                  000064a0    00000010                   : BIOS.obj (.text:ti_sysbios_gates_GateMutex_Instance_finalize__E)
                  000064b0    00000010     release_pem4f.oem4f (.text:ti_sysbios_knl_Mailbox_Object__get__S)
                  000064c0    00000010     sysbios.aem4f : BIOS.obj (.text:ti_sysbios_knl_Semaphore_Instance_finalize__E)
                  000064d0    00000010                   : BIOS.obj (.text:ti_sysbios_knl_Swi_disable__E)
                  000064e0    00000010     release_pem4f.oem4f (.text:ti_sysbios_knl_Task_Object__get__S)
                  000064f0    00000010     sysbios.aem4f : BIOS.obj (.text:ti_sysbios_knl_Task_disable__E)
                  00006500    00000010                   : BIOS.obj (.text:xdc_runtime_Gate_leaveSystem__E)
                  00006510    00000010                   : BIOS.obj (.text:xdc_runtime_Memory_free__E)
                  00006520    00000010                   : BIOS.obj (.text:xdc_runtime_SysCallback_abort__E)
                  00006530    00000010                   : BIOS.obj (.text:xdc_runtime_SysCallback_exit__E)
                  00006540    0000000e     rtsv7M4_T_le_v4SPD16_eabi.lib : copy_decompress_none.c.obj (.text:decompress:none:__TI_decompress_none)
                  0000654e    00000002     --HOLE-- [fill = 0]
                  00006550    0000000e     sysbios.aem4f : BIOS.obj (.text:pthread_attr_setdetachstate)
                  0000655e    00000002     --HOLE-- [fill = 0]
                  00006560    0000000e                   : BIOS.obj (.text:ti_sysbios_knl_Idle_loop__E)
                  0000656e    00000002     --HOLE-- [fill = 0]
                  00006570    0000000e                   : BIOS.obj (.text:ti_sysbios_knl_Queue_empty__E)
                  0000657e    0000000c     ti_drivers_config.obj (.text:Board_init)
                  0000658a    0000000c     msp432p4xx_driverlib.lib : cpu.o (.text:CPU_cpsid)
                  00006596    0000000c                              : cpu.o (.text:CPU_cpsie)
                  000065a2    0000000c     dpl_msp432p401x.aem4f : ClockP_tirtos.oem4f (.text:ClockP_delete)
                  000065ae    0000000c                           : HwiP_tirtos.oem4f (.text:HwiP_delete)
                  000065ba    00000002     --HOLE-- [fill = 0]
                  000065bc    0000000c     drivers_msp432p401x.aem4f : PowerMSP432.oem4f (.text:Power_getConstraintMask)
                  000065c8    0000000c                               : PowerMSP432.oem4f (.text:Power_getPerformanceLevel)
                  000065d4    0000000c     dpl_msp432p401x.aem4f : SemaphoreP_tirtos.oem4f (.text:SemaphoreP_delete)
                  000065e0    0000000c     rtsv7M4_T_le_v4SPD16_eabi.lib : _lock.c.obj (.text:_register_lock)
                  000065ec    0000000c                                   : _lock.c.obj (.text:_register_unlock)
                  000065f8    0000000c                                   : copy_zero_init.c.obj (.text:decompress:ZI:__TI_zero_init)
                  00006604    0000000c     ultrasonic.obj (.text:get_microseconds_count)
                  00006610    0000000c     ultrasonic.obj (.text:get_microseconds_since_high_trigger)
                  0000661c    0000000c     pir.obj (.text:get_pir_trigger_status)
                  00006628    0000000c     sensor_fusion.obj (.text:get_time_since_last_alert)
                  00006634    0000000c     ultrasonic.obj (.text:get_ultrasonic_distance)
                  00006640    0000000c     sensor_fusion.obj (.text:is_uart_sent)
                  0000664c    00000004     --HOLE-- [fill = 0]
                  00006650    0000000c     sysbios.aem4f : BIOS.obj (.text:pthread_self)
                  0000665c    0000000c     ultrasonic.obj (.text:read_ultrasonic_trigger_pin)
                  00006668    0000000c     ultrasonic.obj (.text:reset_microseconds_since_high_trigger)
                  00006674    0000000c     sensor_fusion.obj (.text:reset_time_count)
                  00006680    0000000c     ultrasonic.obj (.text:reset_ultrasonic_microseconds_count)
                  0000668c    0000000c     release_pem4f.oem4f (.text:ti_sysbios_family_arm_m3_Hwi_Params__init__S)
                  00006698    0000000c     sysbios.aem4f : BIOS.obj (.text:ti_sysbios_family_arm_m3_Hwi_disableFxn__E)
                  000066a4    00000004     --HOLE-- [fill = 0]
                  000066a8    0000000c                   : BIOS.obj (.text:ti_sysbios_family_arm_m3_TaskSupport_getStackAlignment__E)
                  000066b4    00000004     --HOLE-- [fill = 0]
                  000066b8    0000000c                   : BIOS.obj (.text:ti_sysbios_family_arm_msp432_Timer_getMaxTicks__E)
                  000066c4    00000004     --HOLE-- [fill = 0]
                  000066c8    0000000c                   : BIOS.obj (.text:ti_sysbios_gates_GateHwi_enter__E)
                  000066d4    0000000c     release_pem4f.oem4f (.text:ti_sysbios_knl_Clock_Params__init__S)
                  000066e0    0000000c     release_pem4f.oem4f (.text:ti_sysbios_knl_Queue_Object__get__S)
                  000066ec    0000000c     release_pem4f.oem4f (.text:ti_sysbios_knl_Semaphore_Params__init__S)
                  000066f8    0000000c     release_pem4f.oem4f (.text:ti_sysbios_knl_Task_Params__init__S)
                  00006704    00000004     --HOLE-- [fill = 0]
                  00006708    0000000c     sysbios.aem4f : BIOS.obj (.text:ti_sysbios_rts_ti_ReentSupport_taskRegHook__I)
                  00006714    00000004     --HOLE-- [fill = 0]
                  00006718    0000000c                   : BIOS.obj (.text:xdc_runtime_Gate_enterSystem__E)
                  00006724    00000004     --HOLE-- [fill = 0]
                  00006728    0000000c                   : BIOS.obj (.text:xdc_runtime_Memory_calloc__E)
                  00006734    00000004     --HOLE-- [fill = 0]
                  00006738    0000000c                   : BIOS.obj (.text:xdc_runtime_Startup_rtsDone__E)
                  00006744    0000000a     dpl_msp432p401x.aem4f : ClockP_tirtos.oem4f (.text:ClockP_Params_init)
                  0000674e    0000000a     drivers_msp432p401x.aem4f : Timer.oem4f (.text:Timer_start)
                  00006758    0000000a                               : UART.oem4f (.text:UART_read)
                  00006762    0000000a                               : UART.oem4f (.text:UART_writePolling)
                  0000676c    0000000a     release_pem4f.oem4f (.text:xdc_runtime_IHeap_alloc)
                  00006776    0000000a     release_pem4f.oem4f (.text:xdc_runtime_IHeap_free)
                  00006780    00000008     dpl_msp432p401x.aem4f : SemaphoreP_tirtos.oem4f (.text:SemaphoreP_Params_init)
                  00006788    00000008     sysbios.aem4f : BIOS.obj (.text:pthread_attr_setstacksize)
                  00006790    00000008     drivers_msp432p401x.aem4f : UARTMSP432.oem4f (.text:readSemCallback)
                  00006798    00000008     sysbios.aem4f : BIOS.obj (.text:ti_sysbios_family_arm_m3_Hwi_doSwiRestore__I)
                  000067a0    00000008                   : BIOS.obj (.text:ti_sysbios_family_arm_m3_Hwi_startup__E)
                  000067a8    00000008     drivers_msp432p401x.aem4f : UARTMSP432.oem4f (.text:txcptEnabledStatus)
                  000067b0    00000008                               : UARTMSP432.oem4f (.text:writeSemCallback)
                  000067b8    00000006     sysbios.aem4f : BIOS.obj (.text:ti_sysbios_family_arm_m3_Hwi_doTaskRestore__I)
                  000067be    00000002     --HOLE-- [fill = 0]
                  000067c0    00000006                   : BIOS.obj (.text:ti_sysbios_family_arm_m3_Hwi_restoreFxn__E)
                  000067c6    00000002     --HOLE-- [fill = 0]
                  000067c8    00000006                   : BIOS.obj (.text:ti_sysbios_gates_GateHwi_leave__E)
                  000067ce    00000002     --HOLE-- [fill = 0]
                  000067d0    00000006                   : BIOS.obj (.text:ti_sysbios_heaps_HeapMem_isBlocking__E)
                  000067d6    00000002     --HOLE-- [fill = 0]
                  000067d8    00000006                   : BIOS.obj (.text:ti_sysbios_knl_Clock_stop__E)
                  000067de    00000002     --HOLE-- [fill = 0]
                  000067e0    00000006                   : BIOS.obj (.text:ti_sysbios_knl_Queue_Instance_init__E)
                  000067e6    00000002     --HOLE-- [fill = 0]
                  000067e8    00000006                   : BIOS.obj (.text:ti_sysbios_knl_Swi_startup__E)
                  000067ee    00000002     --HOLE-- [fill = 0]
                  000067f0    00000006                   : BIOS.obj (.text:xdc_runtime_System_Module_startup__E)
                  000067f6    00000002     --HOLE-- [fill = 0]
                  000067f8    00000004                   : BIOS.obj (.text:ti_sysbios_gates_GateHwi_query__E)
                  000067fc    00000004     --HOLE-- [fill = 0]
                  00006800    00000004                   : BIOS.obj (.text:ti_sysbios_gates_GateMutex_query__E)
                  00006804    00000004     --HOLE-- [fill = 0]
                  00006808    00000004                   : BIOS.obj (.text:ti_sysbios_knl_Clock_setTimeout__E)
                  0000680c    00000004     --HOLE-- [fill = 0]
                  00006810    00000004                   : BIOS.obj (.text:ti_sysbios_knl_Task_startup__E)
                  00006814    00000004     --HOLE-- [fill = 0]
                  00006818    00000002                   : BIOS.obj (.text:ti_sysbios_BIOS_linkedWithIncorrectBootLibrary__E)
                  0000681a    00000006     --HOLE-- [fill = 0]
                  00006820    00000002                   : BIOS.obj (.text:ti_sysbios_gates_GateHwi_Instance_init__E)
                  00006822    00000006     --HOLE-- [fill = 0]
                  00006828    00000002                   : BIOS.obj (.text:ti_sysbios_knl_Clock_logTick__E)
                  0000682a    00000006     --HOLE-- [fill = 0]
                  00006830    00000002                   : BIOS.obj (.text:xdc_runtime_SysCallback_defaultAbort)
                  00006832    00000006     --HOLE-- [fill = 0]
                  00006838    00000002                   : BIOS.obj (.text:xdc_runtime_SysCallback_defaultExit)
                  0000683a    00000006     --HOLE-- [fill = 0]
                  00006840    00000002                   : BIOS.obj (.text:xdc_runtime_System_abortSpin__E)
                  00006842    00000006     --HOLE-- [fill = 0]
                  00006848    00000002                   : BIOS.obj (.text:xdc_runtime_System_exitSpin__E)

.const     0    0000684c    000006bb     
                  0000684c    00000058     ti_drivers_config.obj (.const:uartMSP432HWAttrs)
                  000068a4    00000050     drivers_msp432p401x.aem4f : TimerMSP432.oem4f (.const:timerADividers)
                  000068f4    00000048     release_pem4f.oem4f (.const:.string)
                  0000693c    00000040     ti_drivers_config.obj (.const:uartMSP432Baudrates)
                  0000697c    0000003c     release_pem4f.oem4f (.const:ti_sysbios_knl_Task_Object__PARAMS__C)
                  000069b8    00000038     ti_drivers_config.obj (.const:PowerMSP432_config)
                  000069f0    00000030     release_pem4f.oem4f (.const:ti_sysbios_family_arm_m3_Hwi_Object__PARAMS__C)
                  00006a20    00000028     drivers_msp432p401x.aem4f : UARTMSP432.oem4f (.const:UARTMSP432_fxnTable)
                  00006a48    00000028     release_pem4f.oem4f (.const:ti_sysbios_heaps_HeapMem_Module__FXNS__C)
                  00006a70    00000024     drivers_msp432p401x.aem4f : UART.oem4f (.const:UART_defaultParams)
                  00006a94    00000024     release_pem4f.oem4f (.const:ti_sysbios_gates_GateHwi_Module__FXNS__C)
                  00006ab8    00000024     release_pem4f.oem4f (.const:ti_sysbios_gates_GateMutex_Module__FXNS__C)
                  00006adc    00000024     release_pem4f.oem4f (.const:ti_sysbios_heaps_HeapMem_Object__PARAMS__C)
                  00006b00    00000024     release_pem4f.oem4f (.const:ti_sysbios_knl_Clock_Object__PARAMS__C)
                  00006b24    00000024     release_pem4f.oem4f (.const:ti_sysbios_knl_Semaphore_Object__PARAMS__C)
                  00006b48    00000024     release_pem4f.oem4f (.const:xdc_runtime_Startup_sfxnTab__A)
                  00006b6c    00000020     ti_drivers_config.obj (.const:TimerMSP432HWAttrs)
                  00006b8c    00000020     drivers_msp432p401x.aem4f : TimerMSP432.oem4f (.const:TimerMSP432_Timer32_fxnTable)
                  00006bac    00000020                               : TimerMSP432.oem4f (.const:TimerMSP432_Timer_A_fxnTable)
                  00006bcc    00000020                               : UARTMSP432.oem4f (.const:staticFxnTable)
                  00006bec    00000020     release_pem4f.oem4f (.const:ti_sysbios_family_arm_m3_Hwi_Object__DESC__C)
                  00006c0c    00000020     release_pem4f.oem4f (.const:ti_sysbios_gates_GateHwi_Object__DESC__C)
                  00006c2c    00000020     release_pem4f.oem4f (.const:ti_sysbios_gates_GateMutex_Object__DESC__C)
                  00006c4c    00000020     release_pem4f.oem4f (.const:ti_sysbios_heaps_HeapMem_Object__DESC__C)
                  00006c6c    00000020     release_pem4f.oem4f (.const:ti_sysbios_knl_Clock_Object__DESC__C)
                  00006c8c    00000020     release_pem4f.oem4f (.const:ti_sysbios_knl_Queue_Object__DESC__C)
                  00006cac    00000020     release_pem4f.oem4f (.const:ti_sysbios_knl_Semaphore_Object__DESC__C)
                  00006ccc    00000020     release_pem4f.oem4f (.const:ti_sysbios_knl_Task_Object__DESC__C)
                  00006cec    00000018     ti_drivers_config.obj (.const:Timer_config)
                  00006d04    00000018     ti_drivers_config.obj (.const:UART_config)
                  00006d1c    00000018     release_pem4f.oem4f (.const:ti_sysbios_gates_GateHwi_Object__PARAMS__C)
                  00006d34    00000018     release_pem4f.oem4f (.const:ti_sysbios_gates_GateMutex_Object__PARAMS__C)
                  00006d4c    00000018     release_pem4f.oem4f (.const:ti_sysbios_knl_Queue_Object__PARAMS__C)
                  00006d64    00000018     release_pem4f.oem4f (.const:ti_sysbios_knl_Task_hooks__A)
                  00006d7c    00000016     ultrasonicThread.obj (.const:.string)
                  00006d92    00000002     ti_drivers_config.obj (.const)
                  00006d94    00000014     ti_drivers_config.obj (.const:GPIOMSP432_config)
                  00006da8    00000012     release_pem4f.oem4f (.const:xdc_runtime_Startup_sfxnRts__A)
                  00006dba    00000002     release_pem4f.oem4f (.const:ti_sysbios_family_arm_m3_Hwi_Module__id__C)
                  00006dbc    0000000c     drivers_msp432p401x.aem4f : Timer.oem4f (.const:defaultParams)
                  00006dc8    0000000c                               : TimerMSP432.oem4f (.const:timer32Dividers)
                  00006dd4    0000000c     release_pem4f.oem4f (.const:xdc_runtime_Startup_firstFxns__A)
                  00006de0    00000008     release_pem4f.oem4f (.const:ti_sysbios_knl_Idle_funcList__A)
                  00006de8    00000008     release_pem4f.oem4f (.const:ti_sysbios_knl_Idle_funcList__C)
                  00006df0    00000008     release_pem4f.oem4f (.const:ti_sysbios_knl_Task_hooks__C)
                  00006df8    00000008     release_pem4f.oem4f (.const:xdc_runtime_Startup_firstFxns__C)
                  00006e00    00000008     release_pem4f.oem4f (.const:xdc_runtime_Startup_lastFxns__C)
                  00006e08    00000006     drivers_msp432p401x.aem4f : GPIOMSP432.oem4f (.const:.string:interruptType)
                  00006e0e    00000006                               : GPIOMSP432.oem4f (.const:.string:portInterruptIds)
                  00006e14    00000005                               : UARTMSP432.oem4f (.const:.string:parityTypes)
                  00006e19    00000001     release_pem4f.oem4f (.const:xdc_runtime_Error_policy__C)
                  00006e1a    00000004     drivers_msp432p401x.aem4f : UARTMSP432.oem4f (.const:stopBits)
                  00006e1e    00000002     release_pem4f.oem4f (.const:ti_sysbios_family_arm_msp432_init_Boot_bypassHFXT__C)
                  00006e20    00000004     release_pem4f.oem4f (.const:ti_sysbios_family_arm_m3_Hwi_E_alreadyDefined__C)
                  00006e24    00000004     release_pem4f.oem4f (.const:ti_sysbios_family_arm_m3_Hwi_E_badIntNum__C)
                  00006e28    00000004     release_pem4f.oem4f (.const:ti_sysbios_family_arm_m3_Hwi_NUM_INTERRUPTS__C)
                  00006e2c    00000004     release_pem4f.oem4f (.const:ti_sysbios_family_arm_m3_Hwi_Object__count__C)
                  00006e30    00000004     release_pem4f.oem4f (.const:ti_sysbios_family_arm_m3_Hwi_ccr__C)
                  00006e34    00000004     release_pem4f.oem4f (.const:ti_sysbios_family_arm_m3_Hwi_excHandlerFunc__C)
                  00006e38    00000004     release_pem4f.oem4f (.const:ti_sysbios_family_arm_m3_Hwi_nullIsrFunc__C)
                  00006e3c    00000004     release_pem4f.oem4f (.const:ti_sysbios_family_arm_m3_Hwi_priGroup__C)
                  00006e40    00000004     release_pem4f.oem4f (.const:ti_sysbios_family_arm_m3_Hwi_swiDisable__C)
                  00006e44    00000004     release_pem4f.oem4f (.const:ti_sysbios_family_arm_m3_Hwi_swiRestore__C)
                  00006e48    00000004     release_pem4f.oem4f (.const:ti_sysbios_family_arm_m3_TaskSupport_stackAlignment__C)
                  00006e4c    00000004     release_pem4f.oem4f (.const:ti_sysbios_family_arm_msp432_Timer_numTimerDevices__C)
                  00006e50    00000004     release_pem4f.oem4f (.const:ti_sysbios_family_arm_msp432_Timer_startupNeeded__C)
                  00006e54    00000004     release_pem4f.oem4f (.const:ti_sysbios_gates_GateMutex_Instance_State_sem__O)
                  00006e58    00000004     release_pem4f.oem4f (.const:ti_sysbios_heaps_HeapMem_E_memory__C)
                  00006e5c    00000004     release_pem4f.oem4f (.const:ti_sysbios_heaps_HeapMem_Module__gateObj__C)
                  00006e60    00000004     release_pem4f.oem4f (.const:ti_sysbios_heaps_HeapMem_Object__count__C)
                  00006e64    00000004     release_pem4f.oem4f (.const:ti_sysbios_heaps_HeapMem_primaryHeapBaseAddr__C)
                  00006e68    00000004     release_pem4f.oem4f (.const:ti_sysbios_heaps_HeapMem_primaryHeapEndAddr__C)
                  00006e6c    00000004     release_pem4f.oem4f (.const:ti_sysbios_heaps_HeapMem_reqAlign__C)
                  00006e70    00000004     release_pem4f.oem4f (.const:ti_sysbios_knl_Clock_Module_State_clockQ__O)
                  00006e74    00000004     release_pem4f.oem4f (.const:ti_sysbios_knl_Clock_tickPeriod__C)
                  00006e78    00000004     release_pem4f.oem4f (.const:ti_sysbios_knl_Mailbox_Instance_State_freeQue__O)
                  00006e7c    00000004     release_pem4f.oem4f (.const:ti_sysbios_knl_Mailbox_Object__count__C)
                  00006e80    00000004     release_pem4f.oem4f (.const:ti_sysbios_knl_Mailbox_maxTypeAlign__C)
                  00006e84    00000004     release_pem4f.oem4f (.const:ti_sysbios_knl_Semaphore_Instance_State_pendQ__O)
                  00006e88    00000004     release_pem4f.oem4f (.const:ti_sysbios_knl_Swi_Object__count__C)
                  00006e8c    00000004     release_pem4f.oem4f (.const:ti_sysbios_knl_Task_Module_State_inactiveQ__O)
                  00006e90    00000004     release_pem4f.oem4f (.const:ti_sysbios_knl_Task_Object__count__C)
                  00006e94    00000004     release_pem4f.oem4f (.const:ti_sysbios_knl_Task_Object__heap__C)
                  00006e98    00000004     release_pem4f.oem4f (.const:ti_sysbios_knl_Task_allBlockedFunc__C)
                  00006e9c    00000004     release_pem4f.oem4f (.const:ti_sysbios_knl_Task_defaultStackHeap__C)
                  00006ea0    00000004     release_pem4f.oem4f (.const:ti_sysbios_knl_Task_defaultStackSize__C)
                  00006ea4    00000004     release_pem4f.oem4f (.const:ti_sysbios_knl_Task_numConstructedTasks__C)
                  00006ea8    00000004     release_pem4f.oem4f (.const:xdc_runtime_Error_E_memory__C)
                  00006eac    00000004     release_pem4f.oem4f (.const:xdc_runtime_Error_policyFxn__C)
                  00006eb0    00000004     release_pem4f.oem4f (.const:xdc_runtime_IGateProvider_Interface__BASE__C)
                  00006eb4    00000004     release_pem4f.oem4f (.const:xdc_runtime_IHeap_Interface__BASE__C)
                  00006eb8    00000004     release_pem4f.oem4f (.const:xdc_runtime_IModule_Interface__BASE__C)
                  00006ebc    00000004     release_pem4f.oem4f (.const:xdc_runtime_Memory_defaultHeapInstance__C)
                  00006ec0    00000004     release_pem4f.oem4f (.const:xdc_runtime_Startup_execImpl__C)
                  00006ec4    00000004     release_pem4f.oem4f (.const:xdc_runtime_Startup_maxPasses__C)
                  00006ec8    00000004     release_pem4f.oem4f (.const:xdc_runtime_Startup_sfxnRts__C)
                  00006ecc    00000004     release_pem4f.oem4f (.const:xdc_runtime_Startup_sfxnTab__C)
                  00006ed0    00000004     release_pem4f.oem4f (.const:xdc_runtime_SysCallback_abortFxn__C)
                  00006ed4    00000004     release_pem4f.oem4f (.const:xdc_runtime_SysCallback_exitFxn__C)
                  00006ed8    00000004     release_pem4f.oem4f (.const:xdc_runtime_System_Module__gateObj__C)
                  00006edc    00000004     release_pem4f.oem4f (.const:xdc_runtime_System_abortFxn__C)
                  00006ee0    00000004     release_pem4f.oem4f (.const:xdc_runtime_System_exitFxn__C)
                  00006ee4    00000004     release_pem4f.oem4f (.const:xdc_runtime_System_maxAtexitHandlers__C)
                  00006ee8    00000004     release_pem4f.oem4f (.const:xdc_runtime_Text_charTab__C)
                  00006eec    00000004     release_pem4f.oem4f (.const:xdc_runtime_Text_nameEmpty__C)
                  00006ef0    00000004     release_pem4f.oem4f (.const:xdc_runtime_Text_nameStatic__C)
                  00006ef4    00000004     release_pem4f.oem4f (.const:xdc_runtime_Text_nameUnknown__C)
                  00006ef8    00000002     release_pem4f.oem4f (.const:ti_sysbios_family_arm_msp432_init_Boot_bypassLFXT__C)
                  00006efa    00000002     release_pem4f.oem4f (.const:ti_sysbios_family_arm_msp432_init_Boot_enableHFXT__C)
                  00006efc    00000002     release_pem4f.oem4f (.const:ti_sysbios_family_arm_msp432_init_Boot_enableLFXT__C)
                  00006efe    00000002     release_pem4f.oem4f (.const:ti_sysbios_heaps_HeapMem_Module__id__C)
                  00006f00    00000002     release_pem4f.oem4f (.const:xdc_runtime_Memory_Module__id__C)
                  00006f02    00000002     release_pem4f.oem4f (.const:xdc_runtime_Text_charCnt__C)
                  00006f04    00000002     release_pem4f.oem4f (.const:xdc_runtime_Text_isLoaded__C)
                  00006f06    00000001     release_pem4f.oem4f (.const:xdc_runtime_Text_charTab__A)

.cinit     0    00006f08    00000268     
                  00006f08    0000023f     (.cinit..data.load) [load image, compression = lzss]
                  00007147    00000001     --HOLE-- [fill = 0]
                  00007148    0000000c     (__TI_handler_table)
                  00007154    00000004     --HOLE-- [fill = 0]
                  00007158    00000008     (.cinit..bss.load) [load image, compression = zero_init]
                  00007160    00000010     (__TI_cinit_table)

.init_array 
*          0    00000000    00000000     UNINITIALIZED

.data      0    20008140    00000672     UNINITIALIZED
                  20008140    00000140     drivers_msp432p401x.aem4f : PowerMSP432.oem4f (.data:PowerMSP432_perfLevels)
                  20008280    00000088     sysbios.aem4f : BIOS.obj (.data:$O1$$)
                  20008308    00000080     release_pem4f.oem4f (.data:ti_sysbios_knl_Swi_Module_State_0_readyQ__A)
                  20008388    00000080     release_pem4f.oem4f (.data:ti_sysbios_knl_Task_Module_State_0_readyQ__A)
                  20008408    00000054     release_pem4f.oem4f (.data:ti_sysbios_gates_GateMutex_Object__table__V)
                  2000845c    0000004c     release_pem4f.oem4f (.data:ti_sysbios_knl_Task_Object__table__V)
                  200084a8    00000044     release_pem4f.oem4f (.data:ti_sysbios_family_arm_msp432_Timer_Object__table__V)
                  200084ec    00000044     release_pem4f.oem4f (.data:ti_sysbios_knl_Task_Module__state__V)
                  20008530    00000034     release_pem4f.oem4f (.data:ti_sysbios_family_arm_m3_Hwi_Module__state__V)
                  20008564    00000030     release_pem4f.oem4f (.data:ti_sysbios_knl_Swi_Object__table__V)
                  20008594    0000002c     drivers_msp432p401x.aem4f : PowerMSP432.oem4f (.data:PowerMSP432_module)
                  200085c0    0000002c     release_pem4f.oem4f (.data:ti_sysbios_knl_Clock_Module__state__V)
                  200085ec    00000024     release_pem4f.oem4f (.data:ti_sysbios_BIOS_Module__state__V)
                  20008610    00000020     release_pem4f.oem4f (.data:ti_sysbios_family_arm_msp432_Timer_Module_State_0_device__A)
                  20008630    00000020     release_pem4f.oem4f (.data:xdc_runtime_Error_IgnoreBlock)
                  20008650    0000001c     ti_drivers_config.obj (.data:gpioCallbackFunctions)
                  2000866c    0000001c     ti_drivers_config.obj (.data:gpioPinConfigs)
                  20008688    0000001c     release_pem4f.oem4f (.data:ti_sysbios_knl_Swi_Module__state__V)
                  200086a4    00000018     release_pem4f.oem4f (.data:ti_sysbios_family_arm_m3_Hwi_Object__table__V)
                  200086bc    00000018     release_pem4f.oem4f (.data:ti_sysbios_heaps_HeapMem_Object__table__V)
                  200086d4    00000018     drivers_msp432p401x.aem4f : TimerMSP432.oem4f (.data:upConfig)
                  200086ec    00000010     release_pem4f.oem4f (.data:ti_sysbios_family_arm_msp432_Timer_Module_State_0_handles__A)
                  200086fc    0000000c     release_pem4f.oem4f (.data:ti_sysbios_family_arm_msp432_ClockFreqs_Module__state__V)
                  20008708    0000000c     release_pem4f.oem4f (.data:ti_sysbios_family_arm_msp432_Timer_Module__state__V)
                  20008714    0000000c     ultrasonicThread.obj (.data)
                  20008720    00000008     rtsv7M4_T_le_v4SPD16_eabi.lib : _lock.c.obj (.data:$O1$$)
                  20008728    00000008     sensor_fusion.obj (.data)
                  20008730    00000008     release_pem4f.oem4f (.data:ti_sysbios_family_arm_m3_Hwi_Module__root__V)
                  20008738    00000008     release_pem4f.oem4f (.data:ti_sysbios_gates_GateHwi_Module__root__V)
                  20008740    00000008     release_pem4f.oem4f (.data:ti_sysbios_gates_GateMutex_Module__root__V)
                  20008748    00000008     release_pem4f.oem4f (.data:ti_sysbios_heaps_HeapMem_Module__root__V)
                  20008750    00000008     release_pem4f.oem4f (.data:ti_sysbios_knl_Clock_Module__root__V)
                  20008758    00000008     release_pem4f.oem4f (.data:ti_sysbios_knl_Queue_Module__root__V)
                  20008760    00000008     release_pem4f.oem4f (.data:ti_sysbios_knl_Semaphore_Module__root__V)
                  20008768    00000008     release_pem4f.oem4f (.data:ti_sysbios_knl_Task_Module__root__V)
                  20008770    00000008     ultrasonic.obj (.data)
                  20008778    00000008     release_pem4f.oem4f (.data:xdc_runtime_Startup_Module__state__V)
                  20008780    00000008     release_pem4f.oem4f (.data:xdc_runtime_System_Module_State_0_atexitHandlers__A)
                  20008788    00000008     release_pem4f.oem4f (.data:xdc_runtime_System_Module__state__V)
                  20008790    00000004     rtsv7M4_T_le_v4SPD16_eabi.lib : stkdepth_vars.c.obj (.data)
                  20008794    00000004     release_pem4f.oem4f (.data:ti_sysbios_family_arm_m3_Hwi_Module_State_0_excContext__A)
                  20008798    00000004     release_pem4f.oem4f (.data:ti_sysbios_family_arm_m3_Hwi_Module_State_0_excStack__A)
                  2000879c    00000004     release_pem4f.oem4f (.data:ti_sysbios_gates_GateHwi_Object__table__V)
                  200087a0    00000004     release_pem4f.oem4f (.data:ti_sysbios_knl_Task_Module_State_0_idleTask__A)
                  200087a4    00000004     release_pem4f.oem4f (.data:ti_sysbios_rts_ti_ReentSupport_Module__state__V)
                  200087a8    00000004     release_pem4f.oem4f (.data:xdc_runtime_Memory_Module__state__V)
                  200087ac    00000002     drivers_msp432p401x.aem4f : GPIOMSP432.oem4f (.data)
                  200087ae    00000002     release_pem4f.oem4f (.data:ti_sysbios_family_arm_m3_Hwi_Module_State_0_excActive__A)
                  200087b0    00000001     drivers_msp432p401x.aem4f : Timer.oem4f (.data)
                  200087b1    00000001                               : UART.oem4f (.data)

.bss       0    200087b8    000005e0     UNINITIALIZED
                  200087b8    00000200     release_pem4f.oem4f (.bss:taskStackSection)
                  200089b8    00000140     (.common:ti_sysbios_family_arm_m3_Hwi_dispatchTable)
                  20008af8    00000100     (.common:uartMSP432Objects)
                  20008bf8    00000068     (.common:timerMSP432Objects)
                  20008c60    00000064     (.common:input)
                  20008cc4    00000030     drivers_msp432p401x.aem4f : GPIOMSP432.oem4f (.bss:gpioCallbackInfo)
                  20008cf4    00000024     (.common:uartParams)
                  20008d18    00000020     ti_drivers_config.obj (.bss:uartMSP432RingBuffer0)
                  20008d38    00000020     ti_drivers_config.obj (.bss:uartMSP432RingBuffer1)
                  20008d58    00000014     (.common:buzzAttrs)
                  20008d6c    00000008     msp432p4xx_driverlib.lib : cs.o (.bss)
                  20008d74    00000004     drivers_msp432p401x.aem4f : GPIOMSP432.oem4f (.bss)
                  20008d78    00000004                               : TimerMSP432.oem4f (.bss:timerState)
                  20008d7c    00000004     (.common:ClockP_tickPeriod)
                  20008d80    00000004     (.common:SEM_uart_rx)
                  20008d84    00000004     (.common:buzzPriParam)
                  20008d88    00000004     (.common:buzzThread)
                  20008d8c    00000004     (.common:retc)
                  20008d90    00000004     (.common:ti_sysbios_knl_Task_Instance_State_0_hookEnv__A)
                  20008d94    00000004     (.common:uart)

.priheap   0    20000140    00008000     UNINITIALIZED
                  20000140    00008000     --HOLE--

.stack     0    2000fc00    00000400     UNINITIALIZED
                  2000fc00    00000400     --HOLE--

.bootVecs 
*          0    00000000    00000008     DSECT
                  00000000    00000008     boot.aem4f : boot.oem4f (.bootVecs)

.resetVecs 
*          0    00000000    0000003c     
                  00000000    0000003c     release_pem4f.oem4f (.resetVecs)

.vecs      0    20000000    00000140     NOLOAD SECTION
                  20000000    00000140     release_pem4f.oem4f (.vecs)

xdc.meta   0    00000000    000000fd     COPY SECTION
                  00000000    000000fd     release_pem4f.oem4f (xdc.meta)

xdc.noload 
*          0    00000000    00000000     COPY SECTION

.binit     0    00000000    00000000     

MODULE SUMMARY

       Module                       code    ro data   rw data
       ------                       ----    -------   -------
    ./
       ultrasonicThread.obj         744     22        88     
       rxtx_uart.obj                370     0         288    
       buzzerThread.obj             484     0         0      
       ultrasonic.obj               274     0         16     
       sensor_fusion.obj            148     0         16     
       main_tirtos.obj              124     0         0      
       buzzer.obj                   46      0         0      
       pir.obj                      32      0         0      
    +--+----------------------------+-------+---------+---------+
       Total:                       2222    22        408    
                                                             
    ./syscfg/
       ti_drivers_config.obj        14      310       960    
    +--+----------------------------+-------+---------+---------+
       Total:                       14      310       960    
                                                             
    /home/dtcarrot/workspace_v9/tirtos_builds_MSP_EXP432P401R_release_ccs/Debug/configPkg/package/cfg/
       release_pem4f.oem4f          1554    1154      4364   
    +--+----------------------------+-------+---------+---------+
       Total:                       1554    1154      4364   
                                                             
    /home/dtcarrot/ti/ccs910/ccs/tools/compiler/ti-cgt-arm_18.12.2.LTS/lib/rtsv7M4_T_le_v4SPD16_eabi.lib
       fd_div_t2.asm.obj            310     0         0      
       memcpy_t2.asm.obj            156     0         0      
       memset_t2.asm.obj            122     0         0      
       fd_tos_t2.asm.obj            110     0         0      
       copy_decompress_lzss.c.obj   104     0         0      
       cpy_tbl.c.obj                76      0         0      
       strncpy.c.obj                54      0         0      
       i_tofd_t2.asm.obj            46      0         0      
       strncmp.c.obj                44      0         0      
       _lock.c.obj                  26      0         16     
       args_main.c.obj              24      0         0      
       strcpy.c.obj                 20      0         0      
       copy_decompress_none.c.obj   14      0         0      
       copy_zero_init.c.obj         12      0         0      
       stkdepth_vars.c.obj          0       0         8      
    +--+----------------------------+-------+---------+---------+
       Total:                       1118    0         24     
                                                             
    /home/dtcarrot/ti/simplelink_msp432p4_sdk_3_30_00_13/kernel/tirtos/packages/ti/dpl/lib/dpl_msp432p401x.aem4f
       SemaphoreP_tirtos.oem4f      146     0         0      
       ClockP_tirtos.oem4f          114     0         8      
       PowerMSP432_tirtos.oem4f     122     0         0      
       HwiP_tirtos.oem4f            96      0         0      
    +--+----------------------------+-------+---------+---------+
       Total:                       478     0         8      
                                                             
    /home/dtcarrot/ti/simplelink_msp432p4_sdk_3_30_00_13/kernel/tirtos/packages/ti/targets/arm/rtsarm/lib/auto_init.aem4f
       auto_init.oem4f              160     0         0      
    +--+----------------------------+-------+---------+---------+
       Total:                       160     0         0      
                                                             
    /home/dtcarrot/ti/simplelink_msp432p4_sdk_3_30_00_13/kernel/tirtos/packages/ti/targets/arm/rtsarm/lib/boot.aem4f
       boot.oem4f                   88      0         0      
    +--+----------------------------+-------+---------+---------+
       Total:                       88      0         0      
                                                             
    /home/dtcarrot/ti/simplelink_msp432p4_sdk_3_30_00_13/source/ti/devices/msp432p4xx/driverlib/ccs/msp432p4xx_driverlib.lib
       pcm.o                        1770    0         0      
       cs.o                         704     0         16     
       uart.o                       284     0         0      
       sysctl_a.o                   64      0         0      
       rtc_c.o                      44      0         0      
       wdt_a.o                      36      0         0      
       cpu.o                        28      0         0      
       sysctl.o                     16      0         0      
    +--+----------------------------+-------+---------+---------+
       Total:                       2946    0         16     
                                                             
    /home/dtcarrot/ti/simplelink_msp432p4_sdk_3_30_00_13/source/ti/drivers/lib/drivers_msp432p401x.aem4f
       UARTMSP432.oem4f             3380    81        0      
       PowerMSP432.oem4f            2196    0         728    
       TimerMSP432.oem4f            1806    156       56     
       GPIOMSP432.oem4f             912     12        108    
       UART.oem4f                   176     36        2      
       RingBuf.oem4f                184     0         0      
       Timer.oem4f                  158     12        2      
       List.oem4f                   76      0         0      
    +--+----------------------------+-------+---------+---------+
       Total:                       8888    297       896    
                                                             
    /home/dtcarrot/workspace_v9/tirtos_builds_MSP_EXP432P401R_release_ccs/src/sysbios/sysbios.aem4f
       BIOS.obj                     8292    0         272    
       m3_Hwi_asm.obj               318     0         0      
       m3_TaskSupport_asm.obj       180     0         0      
       m3_Hwi_asm_switch.obj        118     0         0      
    +--+----------------------------+-------+---------+---------+
       Total:                       8908    0         272    
                                                             
       Stack:                       0       0         2048   
       Linker Generated:            0       611       0      
    +--+----------------------------+-------+---------+---------+
       Grand Total:                 26376   2394      8996   


LINKER GENERATED COPY TABLES

__TI_cinit_table @ 00007160 records: 2, size/record: 8, table size: 16
	.data: load addr=00006f08, load size=0000023f bytes, run addr=20008140, run size=00000672 bytes, compression=lzss
	.bss: load addr=00007158, load size=00000008 bytes, run addr=200087b8, run size=000005e0 bytes, compression=zero_init


LINKER GENERATED HANDLER TABLE

__TI_handler_table @ 00007148 records: 3, size/record: 4, table size: 12
	index: 0, handler: __TI_decompress_lzss
	index: 1, handler: __TI_decompress_none
	index: 2, handler: __TI_zero_init


GLOBAL SYMBOLS: SORTED ALPHABETICALLY BY Name 

address   name                                                            
-------   ----                                                            
20008718  ALARM_STOP                                                      
0000657f  Board_init                                                      
00000893  Board_initHook                                                  
0000658b  CPU_cpsid                                                       
00006597  CPU_cpsie                                                       
000015a5  CPU_wfi                                                         
00005d4d  CS_setExternalClockSourceFrequency                              
00001c99  CS_startHFXTWithTimeout                                         
00001e65  CS_startLFXTWithTimeout                                         
00006745  ClockP_Params_init                                              
0000479d  ClockP_create                                                   
000065a3  ClockP_delete                                                   
000019bd  ClockP_setTimeout                                               
00001d7d  ClockP_start                                                    
000021d5  ClockP_stop                                                     
20008d7c  ClockP_tickPeriod                                               
00006d94  GPIOMSP432_config                                               
00005405  GPIO_enableInt                                                  
00003ebd  GPIO_hwiIntFxn                                                  
00002949  GPIO_init                                                       
00005d6d  GPIO_read                                                       
00004195  GPIO_setCallback                                                
00000d01  GPIO_setConfig                                                  
00004491  GPIO_write                                                      
00008000  HEAPSIZE                                                        
000063b1  HwiP_Params_init                                                
00004ebd  HwiP_create                                                     
000065af  HwiP_delete                                                     
00002a9d  HwiP_disable                                                    
000067c1  HwiP_restore                                                    
00005af9  List_put                                                        
00005b1f  List_remove                                                     
000042b9  PCM_getCoreVoltageLevel                                         
00004435  PCM_getPowerMode                                                
00006231  PCM_getPowerState                                               
00005991  PCM_gotoLPM0                                                    
000038f1  PCM_gotoLPM3                                                    
000063c1  PCM_gotoLPM4                                                    
000063d1  PCM_setPowerMode                                                
000063e1  PCM_setPowerState                                               
000045f1  PCM_shutdownDevice                                              
20008714  PEOPLE_DETECTED                                                 
000069b8  PowerMSP432_config                                              
00003f25  PowerMSP432_getFreqs                                            
000063f1  PowerMSP432_getNumPerfLevels                                    
[...]
00006571  ti_sysbios_knl_Queue_empty__E                                   
0000657f  Board_init                                                      
0000658b  CPU_cpsid                                                       
00006597  CPU_cpsie                                                       
000065a3  ClockP_delete                                                   
000065af  HwiP_delete                                                     
000065bd  Power_getConstraintMask                                         
000065c9  Power_getPerformanceLevel                                       
000065d5  SemaphoreP_delete                                               
000065e1  _register_lock                                                  
000065ed  _register_unlock                                                
000065f9  __TI_zero_init                                                  
00006605  get_microseconds_count                                          
00006611  get_microseconds_since_high_trigger                             
0000661d  get_pir_trigger_status                                          
00006629  get_time_since_last_alert                                       
00006635  get_ultrasonic_distance                                         
00006641  is_uart_sent                                                    
00006651  pthread_self                                                    
0000665d  read_ultrasonic_trigger_pin                                     
00006669  reset_microseconds_since_high_trigger                           
00006675  reset_time_count                                                
00006681  reset_ultrasonic_microseconds_count                             
0000668d  ti_sysbios_family_arm_m3_Hwi_Params__init__S                    
0000668d  ti_sysbios_hal_Hwi_HwiProxy_Params__init__S                     
00006699  ti_sysbios_family_arm_m3_Hwi_disableFxn__E                      
00006699  ti_sysbios_hal_Hwi_HwiProxy_disable__E                          
000066a9  ti_sysbios_family_arm_m3_TaskSupport_getStackAlignment__E       
000066a9  ti_sysbios_knl_Task_SupportProxy_getStackAlignment__E           
000066b9  ti_sysbios_family_arm_msp432_Timer_getMaxTicks__E               
000066c9  ti_sysbios_gates_GateHwi_enter__E                               
000066d5  ti_sysbios_knl_Clock_Params__init__S                            
000066e1  ti_sysbios_knl_Queue_Object__get__S                             
000066ed  ti_sysbios_knl_Semaphore_Params__init__S                        
000066f9  ti_sysbios_knl_Task_Params__init__S                             
00006709  ti_sysbios_rts_ti_ReentSupport_taskRegHook__I                   
00006719  xdc_runtime_Gate_enterSystem__E                                 
00006729  xdc_runtime_Memory_calloc__E                                    
00006739  xdc_runtime_Startup_rtsDone__E                                  
00006745  ClockP_Params_init                                              
0000674f  Timer_start                                                     
00006759  UART_read                                                       
00006763  UART_writePolling                                               
0000676d  xdc_runtime_Memory_HeapProxy_alloc__E                           
00006777  xdc_runtime_Memory_HeapProxy_free__E                            
00006781  SemaphoreP_Params_init                                          
00006789  pthread_attr_setstacksize                                       
00006799  ti_sysbios_family_arm_m3_Hwi_doSwiRestore__I                    
000067a1  ti_sysbios_family_arm_m3_Hwi_startup__E                         
000067a1  ti_sysbios_hal_Hwi_HwiProxy_startup__E                          
000067a1  ti_sysbios_hal_Hwi_startup__E                                   
000067b9  ti_sysbios_family_arm_m3_Hwi_doTaskRestore__I                   
000067c1  HwiP_restore                                                    
000067c1  ti_sysbios_family_arm_m3_Hwi_restoreFxn__E                      
000067c1  ti_sysbios_hal_Hwi_HwiProxy_restore__E                          
000067c9  ti_sysbios_gates_GateHwi_leave__E                               
000067d1  ti_sysbios_heaps_HeapMem_isBlocking__E                          
000067d9  ti_sysbios_knl_Clock_stop__E                                    
000067e1  ti_sysbios_knl_Queue_Instance_init__E                           
000067e9  ti_sysbios_knl_Swi_startup__E                                   
000067f1  xdc_runtime_System_Module_startup__E                            
000067f9  ti_sysbios_gates_GateHwi_query__E                               
000067f9  xdc_runtime_Main_Module_GateProxy_query__E                      
000067f9  xdc_runtime_System_Module_GateProxy_query__E                    
00006801  ti_sysbios_BIOS_RtsGateProxy_query__E                           
00006801  ti_sysbios_gates_GateMutex_query__E                             
00006801  ti_sysbios_heaps_HeapMem_Module_GateProxy_query__E              
00006809  ti_sysbios_knl_Clock_setTimeout__E                              
00006811  ti_sysbios_knl_Task_startup__E                                  
00006819  ti_sysbios_BIOS_linkedWithIncorrectBootLibrary__E               
00006821  ti_sysbios_gates_GateHwi_Instance_init__E                       
00006829  ti_sysbios_knl_Clock_logTick__E                                 
00006831  xdc_runtime_SysCallback_defaultAbort                            
00006839  xdc_runtime_SysCallback_defaultExit                             
00006841  xdc_runtime_System_abortSpin__E                                 
00006849  xdc_runtime_System_exitSpin__E                                  
0000697c  ti_sysbios_knl_Task_Object__PARAMS__C                           
000069b8  PowerMSP432_config                                              
000069f0  ti_sysbios_family_arm_m3_Hwi_Object__PARAMS__C                  
00006a20  UARTMSP432_fxnTable                                             
00006a48  ti_sysbios_heaps_HeapMem_Module__FXNS__C                        
00006a70  UART_defaultParams                                              
00006a94  ti_sysbios_gates_GateHwi_Module__FXNS__C                        
00006ab8  ti_sysbios_gates_GateMutex_Module__FXNS__C                      
00006adc  ti_sysbios_heaps_HeapMem_Object__PARAMS__C                      
00006b00  ti_sysbios_knl_Clock_Object__PARAMS__C                          
00006b24  ti_sysbios_knl_Semaphore_Object__PARAMS__C                      
00006b48  xdc_runtime_Startup_sfxnTab__A                                  
00006b6c  TimerMSP432HWAttrs                                              
00006b8c  TimerMSP432_Timer32_fxnTable                                    
00006bac  TimerMSP432_Timer_A_fxnTable                                    
00006bec  ti_sysbios_family_arm_m3_Hwi_Object__DESC__C                    
00006c0c  ti_sysbios_gates_GateHwi_Object__DESC__C                        
00006c2c  ti_sysbios_gates_GateMutex_Object__DESC__C                      
00006c4c  ti_sysbios_heaps_HeapMem_Object__DESC__C                        
00006c6c  ti_sysbios_knl_Clock_Object__DESC__C                            
00006c8c  ti_sysbios_knl_Queue_Object__DESC__C                            
00006cac  ti_sysbios_knl_Semaphore_Object__DESC__C                        
00006ccc  ti_sysbios_knl_Task_Object__DESC__C                             
00006cec  Timer_config                                                    
00006d04  UART_config                                                     
00006d1c  ti_sysbios_gates_GateHwi_Object__PARAMS__C                      
00006d34  ti_sysbios_gates_GateMutex_Object__PARAMS__C                    
00006d4c  ti_sysbios_knl_Queue_Object__PARAMS__C                          
00006d64  ti_sysbios_knl_Task_hooks__A                                    
00006d92  Timer_count                                                     
00006d93  UART_count                                                      
00006d94  GPIOMSP432_config                                               
00006da8  xdc_runtime_Startup_sfxnRts__A                                  
00006dba  ti_sysbios_family_arm_m3_Hwi_Module__id__C                      
00006dd4  xdc_runtime_Startup_firstFxns__A                                
00006de0  ti_sysbios_knl_Idle_funcList__A                                 
00006de8  ti_sysbios_knl_Idle_funcList__C                                 
00006df0  ti_sysbios_knl_Task_hooks__C                                    
00006df8  xdc_runtime_Startup_firstFxns__C                                
00006e00  xdc_runtime_Startup_lastFxns__C                                 
00006e19  xdc_runtime_Error_policy__C                                     
00006e1e  ti_sysbios_family_arm_msp432_init_Boot_bypassHFXT__C            
00006e20  ti_sysbios_family_arm_m3_Hwi_E_alreadyDefined__C                
00006e24  ti_sysbios_family_arm_m3_Hwi_E_badIntNum__C                     
00006e28  ti_sysbios_family_arm_m3_Hwi_NUM_INTERRUPTS__C                  
00006e2c  ti_sysbios_family_arm_m3_Hwi_Object__count__C                   
00006e30  ti_sysbios_family_arm_m3_Hwi_ccr__C                             
00006e34  ti_sysbios_family_arm_m3_Hwi_excHandlerFunc__C                  
00006e38  ti_sysbios_family_arm_m3_Hwi_nullIsrFunc__C                     
00006e3c  ti_sysbios_family_arm_m3_Hwi_priGroup__C                        
00006e40  ti_sysbios_family_arm_m3_Hwi_swiDisable__C                      
00006e44  ti_sysbios_family_arm_m3_Hwi_swiRestore__C                      
00006e48  ti_sysbios_family_arm_m3_TaskSupport_stackAlignment__C          
00006e4c  ti_sysbios_family_arm_msp432_Timer_numTimerDevices__C           
00006e50  ti_sysbios_family_arm_msp432_Timer_startupNeeded__C             
00006e54  ti_sysbios_gates_GateMutex_Instance_State_sem__O                
00006e58  ti_sysbios_heaps_HeapMem_E_memory__C                            
00006e5c  ti_sysbios_heaps_HeapMem_Module__gateObj__C                     
00006e60  ti_sysbios_heaps_HeapMem_Object__count__C                       
00006e64  ti_sysbios_heaps_HeapMem_primaryHeapBaseAddr__C                 
00006e68  ti_sysbios_heaps_HeapMem_primaryHeapEndAddr__C                  
00006e6c  ti_sysbios_heaps_HeapMem_reqAlign__C                            
00006e70  ti_sysbios_knl_Clock_Module_State_clockQ__O                     
00006e74  ti_sysbios_knl_Clock_tickPeriod__C                              
00006e78  ti_sysbios_knl_Mailbox_Instance_State_freeQue__O                
00006e7c  ti_sysbios_knl_Mailbox_Object__count__C                         
00006e80  ti_sysbios_knl_Mailbox_maxTypeAlign__C                          
00006e84  ti_sysbios_knl_Semaphore_Instance_State_pendQ__O                
00006e88  ti_sysbios_knl_Swi_Object__count__C                             
00006e8c  ti_sysbios_knl_Task_Module_State_inactiveQ__O                   
00006e90  ti_sysbios_knl_Task_Object__count__C                            
00006e94  ti_sysbios_knl_Task_Object__heap__C                             
00006e98  ti_sysbios_knl_Task_allBlockedFunc__C                           
00006e9c  ti_sysbios_knl_Task_defaultStackHeap__C                         
00006ea0  ti_sysbios_knl_Task_defaultStackSize__C                         
00006ea4  ti_sysbios_knl_Task_numConstructedTasks__C                      
00006ea8  xdc_runtime_Error_E_memory__C                                   
00006eac  xdc_runtime_Error_policyFxn__C                                  
00006eb0  xdc_runtime_IGateProvider_Interface__BASE__C                    
00006eb4  xdc_runtime_IHeap_Interface__BASE__C                            
00006eb8  xdc_runtime_IModule_Interface__BASE__C                          
00006ebc  xdc_runtime_Memory_defaultHeapInstance__C                       
00006ec0  xdc_runtime_Startup_execImpl__C                                 
00006ec4  xdc_runtime_Startup_maxPasses__C                                
00006ec8  xdc_runtime_Startup_sfxnRts__C                                  
00006ecc  xdc_runtime_Startup_sfxnTab__C                                  
00006ed0  xdc_runtime_SysCallback_abortFxn__C                             
00006ed4  xdc_runtime_SysCallback_exitFxn__C                              
00006ed8  xdc_runtime_System_Module__gateObj__C                           
00006edc  xdc_runtime_System_abortFxn__C                                  
00006ee0  xdc_runtime_System_exitFxn__C                                   
00006ee4  xdc_runtime_System_maxAtexitHandlers__C                         
00006ee8  xdc_runtime_Text_charTab__C                                     
00006eec  xdc_runtime_Text_nameEmpty__C                                   
00006ef0  xdc_runtime_Text_nameStatic__C                                  
00006ef4  xdc_runtime_Text_nameUnknown__C                                 
00006ef8  ti_sysbios_family_arm_msp432_init_Boot_bypassLFXT__C            
00006efa  ti_sysbios_family_arm_msp432_init_Boot_enableHFXT__C            
00006efc  ti_sysbios_family_arm_msp432_init_Boot_enableLFXT__C            
00006efe  ti_sysbios_heaps_HeapMem_Module__id__C                          
00006f00  xdc_runtime_Memory_Module__id__C                                
00006f02  xdc_runtime_Text_charCnt__C                                     
00006f04  xdc_runtime_Text_isLoaded__C                                    
00006f06  xdc_runtime_Text_charTab__A                                     
00006f08  __TI_static_base__                                              
00007148  __TI_Handler_Table_Base                                         
00007154  __TI_Handler_Table_Limit                                        
00007160  __TI_CINIT_Base                                                 
00007170  __TI_CINIT_Limit                                                
00008000  HEAPSIZE                                                        
20000000  ti_sysbios_family_arm_m3_Hwi_ramVectors                         
20000140  __primary_heap_start__                                          
20008140  PowerMSP432_perfLevels                                          
20008140  __primary_heap_end__                                            
20008308  ti_sysbios_knl_Swi_Module_State_0_readyQ__A                     
20008388  ti_sysbios_knl_Task_Module_State_0_readyQ__A                    
20008408  ti_sysbios_gates_GateMutex_Object__table__V                     
2000845c  ti_sysbios_knl_Task_Object__table__V                            
200084a8  ti_sysbios_family_arm_msp432_Timer_Object__table__V             
200084ec  ti_sysbios_knl_Task_Module__state__V                            
20008530  ti_sysbios_family_arm_m3_Hwi_Module__state__V                   
20008564  ti_sysbios_knl_Swi_Object__table__V                             
20008594  PowerMSP432_module                                              
200085c0  ti_sysbios_knl_Clock_Module__state__V                           
200085ec  ti_sysbios_BIOS_Module__state__V                                
20008610  ti_sysbios_family_arm_msp432_Timer_Module_State_0_device__A     
20008630  xdc_runtime_Error_IgnoreBlock                                   
20008650  gpioCallbackFunctions                                           
2000866c  gpioPinConfigs                                                  
20008688  ti_sysbios_knl_Swi_Module__state__V                             
200086a4  ti_sysbios_family_arm_m3_Hwi_Object__table__V                   
200086bc  ti_sysbios_heaps_HeapMem_Object__table__V                       
200086ec  ti_sysbios_family_arm_msp432_Timer_Module_State_0_handles__A    
200086fc  ti_sysbios_family_arm_msp432_ClockFreqs_Module__state__V        
20008708  ti_sysbios_family_arm_msp432_Timer_Module__state__V             
20008714  PEOPLE_DETECTED                                                 
20008718  ALARM_STOP                                                      
2000871c  ULTRASONIC_READING                                              
20008720  _lock                                                           
20008724  _unlock                                                         
20008728  uart_sent                                                       
2000872c  time_since_last_alert                                           
20008730  ti_sysbios_family_arm_m3_Hwi_Module__root__V                    
20008738  ti_sysbios_gates_GateHwi_Module__root__V                        
20008740  ti_sysbios_gates_GateMutex_Module__root__V                      
20008748  ti_sysbios_heaps_HeapMem_Module__root__V                        
20008750  ti_sysbios_knl_Clock_Module__root__V                            
20008758  ti_sysbios_knl_Queue_Module__root__V                            
20008760  ti_sysbios_knl_Semaphore_Module__root__V                        
20008768  ti_sysbios_knl_Task_Module__root__V                             
20008770  ultrasonic_distance                                             
20008774  ultrasonic_microseconds_count                                   
20008776  time_since_last_trigger                                         
20008778  xdc_runtime_Startup_Module__state__V                            
20008780  xdc_runtime_System_Module_State_0_atexitHandlers__A             
20008788  xdc_runtime_System_Module__state__V                             
20008790  main_func_sp                                                    
20008794  ti_sysbios_family_arm_m3_Hwi_Module_State_0_excContext__A       
20008798  ti_sysbios_family_arm_m3_Hwi_Module_State_0_excStack__A         
2000879c  ti_sysbios_gates_GateHwi_Object__table__V                       
200087a0  ti_sysbios_knl_Task_Module_State_0_idleTask__A                  
200087a4  ti_sysbios_rts_ti_ReentSupport_Module__state__V                 
200087a8  xdc_runtime_Memory_Module__state__V                             
200087ae  ti_sysbios_family_arm_m3_Hwi_Module_State_0_excActive__A        
200087b8  ti_sysbios_knl_Task_Instance_State_0_stack__A                   
200089b8  ti_sysbios_family_arm_m3_Hwi_dispatchTable                      
20008af8  uartMSP432Objects                                               
20008bf8  timerMSP432Objects                                              
20008c60  input                                                           
20008cf4  uartParams                                                      
20008d58  buzzAttrs                                                       
20008d7c  ClockP_tickPeriod                                               
20008d80  SEM_uart_rx                                                     
20008d84  buzzPriParam                                                    
20008d88  buzzThread                                                      
20008d8c  retc                                                            
20008d90  ti_sysbios_knl_Task_Instance_State_0_hookEnv__A                 
20008d94  uart                                                            
2000fc00  __stack                                                         
20010000  __STACK_END                                                     
4000480c  WDTCTL_SYM                                                      
e000e000  ti_sysbios_family_arm_m3_Hwi_nvic                               
ffffffff  __TI_pprof_out_hndl                                             
ffffffff  __TI_prof_data_size                                             
ffffffff  __TI_prof_data_start                                            
ffffffff  __binit__                                                       
ffffffff  __c_args__                                                      
ffffffff  binit                                                           
UNDEFED   SHT$$INIT_ARRAY$$Base                                           
UNDEFED   SHT$$INIT_ARRAY$$Limit                                          

[598 symbols]
